2026.02.01 13:51:59 INFO  Started: Metals version 1.6.5 in folders 'C:\Users\erice\lth\EITA25\Datas-kerhet_G33' for client Visual Studio Code 1.108.2.[0m
2026.02.01 13:51:59 INFO  Memory monitor started[0m
2026.02.01 13:52:00 WARN  Using H2 2.4.240 which is newer than the version Flyway has been verified with. The latest verified version of H2 is 2.3.232.[0m
2026.02.01 13:52:00 INFO  no build target found for C:\Users\erice\lth\EITA25\Datas-kerhet_G33\server.java. Using fallback presentation compiler.[0m
Feb 01, 2026 1:52:01 PM org.eclipse.lsp4j.jsonrpc.RemoteEndpoint handleCancellation
WARNING: Unmatched cancel notification for request id 1
2026.02.01 13:52:02 INFO  no build target found for C:\Users\erice\lth\EITA25\Datas-kerhet_G33\server.java. Using fallback presentation compiler.[0m
2026.02.01 13:52:02 INFO  no build target found for C:\Users\erice\lth\EITA25\Datas-kerhet_G33\server.java. Using fallback presentation compiler.[0m
2026.02.01 13:52:02 INFO  no build target found for C:\Users\erice\lth\EITA25\Datas-kerhet_G33\server.java. Using fallback presentation compiler.[0m
2026.02.01 13:52:02 WARN  no build tool detected in workspace 'C:\Users\erice\lth\EITA25\Datas-kerhet_G33'. The most common cause for this problem is that the editor was opened in the wrong working directory, for example if you use sbt then the workspace directory should contain build.sbt. [0m
2026.02.01 13:52:02 WARN  Build server is not auto-connectable.[0m
2026.02.01 13:52:02 WARN  no build target for: C:\Users\erice\lth\EITA25\Datas-kerhet_G33\server.java[0m
2026.02.01 13:52:02 INFO  no build target found for C:\Users\erice\lth\EITA25\Datas-kerhet_G33\server.java. Using fallback presentation compiler.[0m
2026.02.01 13:52:03 INFO  no build target found for C:\Users\erice\lth\EITA25\Datas-kerhet_G33\server.java. Using fallback presentation compiler.[0m
2026.02.01 13:52:04 INFO  time: code lens generation in 2.08s[0m
2026.02.01 13:52:04 INFO  time: code lens generation in 2.08s[0m
2026.02.01 13:52:08 INFO  no build target found for C:\Users\erice\lth\EITA25\Datas-kerhet_G33\server.java. Using fallback presentation compiler.[0m
2026.02.01 13:52:09 INFO  no build target found for C:\Users\erice\lth\EITA25\Datas-kerhet_G33\server.java. Using fallback presentation compiler.[0m
2026.02.01 13:52:12 INFO  no build target found for C:\Users\erice\lth\EITA25\Datas-kerhet_G33\server.java. Using fallback presentation compiler.[0m
2026.02.01 13:52:14 INFO  no build target found for C:\Users\erice\lth\EITA25\Datas-kerhet_G33\server.java. Using fallback presentation compiler.[0m
2026.02.01 13:52:21 INFO  no build target found for C:\Users\erice\lth\EITA25\Datas-kerhet_G33\server.java. Using fallback presentation compiler.[0m
2026.02.01 13:52:21 INFO  no build target found for C:\Users\erice\lth\EITA25\Datas-kerhet_G33\server.java. Using fallback presentation compiler.[0m
Feb 01, 2026 1:52:21 PM org.eclipse.lsp4j.jsonrpc.RemoteEndpoint handleCancellation
WARNING: Unmatched cancel notification for request id 23
2026.02.01 13:52:21 INFO  no build target found for C:\Users\erice\lth\EITA25\Datas-kerhet_G33\server.java. Using fallback presentation compiler.[0m
2026.02.01 13:52:21 INFO  no build target found for C:\Users\erice\lth\EITA25\Datas-kerhet_G33\server.java. Using fallback presentation compiler.[0m
Feb 01, 2026 1:52:21 PM org.eclipse.lsp4j.jsonrpc.RemoteEndpoint handleCancellation
WARNING: Unmatched cancel notification for request id 24
2026.02.01 13:52:23 INFO  no build target found for C:\Users\erice\lth\EITA25\Datas-kerhet_G33\server.java. Using fallback presentation compiler.[0m
2026.02.01 13:52:24 INFO  no build target found for C:\Users\erice\lth\EITA25\Datas-kerhet_G33\server.java. Using fallback presentation compiler.[0m
2026.02.01 13:52:26 INFO  no build target found for C:\Users\erice\lth\EITA25\Datas-kerhet_G33\server.java. Using fallback presentation compiler.[0m
2026.02.01 13:52:28 INFO  no build target found for C:\Users\erice\lth\EITA25\Datas-kerhet_G33\server.java. Using fallback presentation compiler.[0m
2026.02.01 13:53:53 INFO  no build target found for C:\Users\erice\lth\EITA25\Datas-kerhet_G33\server.java. Using fallback presentation compiler.[0m
2026.02.01 13:53:53 INFO  no build target found for C:\Users\erice\lth\EITA25\Datas-kerhet_G33\server.java. Using fallback presentation compiler.[0m
2026.02.01 13:53:54 INFO  no build target found for C:\Users\erice\lth\EITA25\Datas-kerhet_G33\server.java. Using fallback presentation compiler.[0m
2026.02.01 13:53:54 INFO  no build target found for C:\Users\erice\lth\EITA25\Datas-kerhet_G33\server.java. Using fallback presentation compiler.[0m
2026.02.01 13:53:56 INFO  no build target found for C:\Users\erice\lth\EITA25\Datas-kerhet_G33\server.java. Using fallback presentation compiler.[0m
2026.02.01 13:53:56 INFO  no build target found for C:\Users\erice\lth\EITA25\Datas-kerhet_G33\server.java. Using fallback presentation compiler.[0m
2026.02.01 13:53:56 INFO  no build target found for C:\Users\erice\lth\EITA25\Datas-kerhet_G33\server.java. Using fallback presentation compiler.[0m
2026.02.01 13:53:56 INFO  no build target found for C:\Users\erice\lth\EITA25\Datas-kerhet_G33\server.java. Using fallback presentation compiler.[0m
2026.02.01 13:53:57 INFO  no build target found for C:\Users\erice\lth\EITA25\Datas-kerhet_G33\server.java. Using fallback presentation compiler.[0m
2026.02.01 13:53:57 WARN  no build target for: C:\Users\erice\lth\EITA25\Datas-kerhet_G33\server.java[0m
2026.02.01 13:53:57 INFO  no build target found for C:\Users\erice\lth\EITA25\Datas-kerhet_G33\server.java. Using fallback presentation compiler.[0m
2026.02.01 13:53:57 INFO  no build target found for C:\Users\erice\lth\EITA25\Datas-kerhet_G33\server.java. Using fallback presentation compiler.[0m
2026.02.01 13:53:58 INFO  no build target found for C:\Users\erice\lth\EITA25\Datas-kerhet_G33\server.java. Using fallback presentation compiler.[0m
2026.02.01 13:53:58 INFO  no build target found for C:\Users\erice\lth\EITA25\Datas-kerhet_G33\server.java. Using fallback presentation compiler.[0m
2026.02.01 13:53:58 INFO  no build target found for C:\Users\erice\lth\EITA25\Datas-kerhet_G33\server.java. Using fallback presentation compiler.[0m
2026.02.01 13:53:58 INFO  no build target found for C:\Users\erice\lth\EITA25\Datas-kerhet_G33\server.java. Using fallback presentation compiler.[0m
2026.02.01 13:53:58 INFO  no build target found for C:\Users\erice\lth\EITA25\Datas-kerhet_G33\server.java. Using fallback presentation compiler.[0m
2026.02.01 13:53:58 INFO  no build target found for C:\Users\erice\lth\EITA25\Datas-kerhet_G33\server.java. Using fallback presentation compiler.[0m
2026.02.01 13:54:00 WARN  no build target for: C:\Users\erice\lth\EITA25\Datas-kerhet_G33\server.java[0m
2026.02.01 13:54:00 INFO  no build target found for C:\Users\erice\lth\EITA25\Datas-kerhet_G33\server.java. Using fallback presentation compiler.[0m
2026.02.01 13:54:00 INFO  no build target found for C:\Users\erice\lth\EITA25\Datas-kerhet_G33\server.java. Using fallback presentation compiler.[0m
2026.02.01 13:54:02 INFO  no build target found for C:\Users\erice\lth\EITA25\Datas-kerhet_G33\server.java. Using fallback presentation compiler.[0m
2026.02.01 13:54:03 INFO  no build target found for C:\Users\erice\lth\EITA25\Datas-kerhet_G33\server.java. Using fallback presentation compiler.[0m
2026.02.01 13:54:03 INFO  no build target found for C:\Users\erice\lth\EITA25\Datas-kerhet_G33\server.java. Using fallback presentation compiler.[0m
2026.02.01 13:54:03 INFO  no build target found for C:\Users\erice\lth\EITA25\Datas-kerhet_G33\server.java. Using fallback presentation compiler.[0m
2026.02.01 13:54:03 INFO  no build target found for C:\Users\erice\lth\EITA25\Datas-kerhet_G33\server.java. Using fallback presentation compiler.[0m
2026.02.01 13:54:03 INFO  no build target found for C:\Users\erice\lth\EITA25\Datas-kerhet_G33\server.java. Using fallback presentation compiler.[0m
2026.02.01 13:54:04 WARN  no build target for: C:\Users\erice\lth\EITA25\Datas-kerhet_G33\server.java[0m
2026.02.01 13:54:04 INFO  no build target found for C:\Users\erice\lth\EITA25\Datas-kerhet_G33\server.java. Using fallback presentation compiler.[0m
2026.02.01 13:54:05 INFO  no build target found for C:\Users\erice\lth\EITA25\Datas-kerhet_G33\server.java. Using fallback presentation compiler.[0m
2026.02.01 13:54:05 INFO  no build target found for C:\Users\erice\lth\EITA25\Datas-kerhet_G33\server.java. Using fallback presentation compiler.[0m
2026.02.01 13:54:06 INFO  no build target found for C:\Users\erice\lth\EITA25\Datas-kerhet_G33\server.java. Using fallback presentation compiler.[0m
2026.02.01 13:54:08 INFO  no build target found for C:\Users\erice\lth\EITA25\Datas-kerhet_G33\server.java. Using fallback presentation compiler.[0m
2026.02.01 13:54:08 INFO  no build target found for C:\Users\erice\lth\EITA25\Datas-kerhet_G33\server.java. Using fallback presentation compiler.[0m
2026.02.01 13:54:10 INFO  no build target found for C:\Users\erice\lth\EITA25\Datas-kerhet_G33\server.java. Using fallback presentation compiler.[0m
2026.02.01 13:54:10 INFO  no build target found for C:\Users\erice\lth\EITA25\Datas-kerhet_G33\server.java. Using fallback presentation compiler.[0m
2026.02.01 13:54:10 INFO  no build target found for C:\Users\erice\lth\EITA25\Datas-kerhet_G33\server.java. Using fallback presentation compiler.[0m
2026.02.01 13:54:11 INFO  no build target found for C:\Users\erice\lth\EITA25\Datas-kerhet_G33\server.java. Using fallback presentation compiler.[0m
2026.02.01 13:54:11 INFO  no build target found for C:\Users\erice\lth\EITA25\Datas-kerhet_G33\server.java. Using fallback presentation compiler.[0m
2026.02.01 13:54:12 WARN  no build target for: C:\Users\erice\lth\EITA25\Datas-kerhet_G33\server.java[0m
2026.02.01 13:54:12 INFO  no build target found for C:\Users\erice\lth\EITA25\Datas-kerhet_G33\server.java. Using fallback presentation compiler.[0m
2026.02.01 13:54:13 INFO  no build target found for C:\Users\erice\lth\EITA25\Datas-kerhet_G33\server.java. Using fallback presentation compiler.[0m
2026.02.01 13:54:13 INFO  no build target found for C:\Users\erice\lth\EITA25\Datas-kerhet_G33\server.java. Using fallback presentation compiler.[0m
2026.02.01 13:54:15 INFO  no build target found for C:\Users\erice\lth\EITA25\Datas-kerhet_G33\server.java. Using fallback presentation compiler.[0m
2026.02.01 13:54:15 INFO  no build target found for C:\Users\erice\lth\EITA25\Datas-kerhet_G33\server.java. Using fallback presentation compiler.[0m
2026.02.01 13:54:21 INFO  no build target found for C:\Users\erice\lth\EITA25\Datas-kerhet_G33\server.java. Using fallback presentation compiler.[0m
2026.02.01 13:54:21 INFO  no build target found for C:\Users\erice\lth\EITA25\Datas-kerhet_G33\server.java. Using fallback presentation compiler.[0m
2026.02.01 13:54:21 INFO  no build target found for C:\Users\erice\lth\EITA25\Datas-kerhet_G33\server.java. Using fallback presentation compiler.[0m
2026.02.01 13:54:21 INFO  no build target found for C:\Users\erice\lth\EITA25\Datas-kerhet_G33\server.java. Using fallback presentation compiler.[0m
2026.02.01 13:54:23 INFO  no build target found for C:\Users\erice\lth\EITA25\Datas-kerhet_G33\server.java. Using fallback presentation compiler.[0m
2026.02.01 13:54:23 INFO  no build target found for C:\Users\erice\lth\EITA25\Datas-kerhet_G33\server.java. Using fallback presentation compiler.[0m
2026.02.01 13:54:23 INFO  no build target found for C:\Users\erice\lth\EITA25\Datas-kerhet_G33\server.java. Using fallback presentation compiler.[0m
2026.02.01 13:54:23 INFO  no build target found for C:\Users\erice\lth\EITA25\Datas-kerhet_G33\server.java. Using fallback presentation compiler.[0m
2026.02.01 13:54:23 INFO  no build target found for C:\Users\erice\lth\EITA25\Datas-kerhet_G33\server.java. Using fallback presentation compiler.[0m
2026.02.01 13:54:24 INFO  no build target found for C:\Users\erice\lth\EITA25\Datas-kerhet_G33\server.java. Using fallback presentation compiler.[0m
2026.02.01 13:54:24 INFO  no build target found for C:\Users\erice\lth\EITA25\Datas-kerhet_G33\server.java. Using fallback presentation compiler.[0m
2026.02.01 13:54:24 INFO  no build target found for C:\Users\erice\lth\EITA25\Datas-kerhet_G33\server.java. Using fallback presentation compiler.[0m
2026.02.01 13:54:24 WARN  no build target for: C:\Users\erice\lth\EITA25\Datas-kerhet_G33\server.java[0m
2026.02.01 13:54:24 INFO  no build target found for C:\Users\erice\lth\EITA25\Datas-kerhet_G33\server.java. Using fallback presentation compiler.[0m
2026.02.01 13:54:25 INFO  no build target found for C:\Users\erice\lth\EITA25\Datas-kerhet_G33\server.java. Using fallback presentation compiler.[0m
2026.02.01 13:54:25 INFO  no build target found for C:\Users\erice\lth\EITA25\Datas-kerhet_G33\server.java. Using fallback presentation compiler.[0m
2026.02.01 13:54:26 INFO  no build target found for C:\Users\erice\lth\EITA25\Datas-kerhet_G33\server.java. Using fallback presentation compiler.[0m
2026.02.01 13:54:26 INFO  no build target found for C:\Users\erice\lth\EITA25\Datas-kerhet_G33\server.java. Using fallback presentation compiler.[0m
2026.02.01 13:54:26 INFO  no build target found for C:\Users\erice\lth\EITA25\Datas-kerhet_G33\server.java. Using fallback presentation compiler.[0m
2026.02.01 13:54:26 INFO  no build target found for C:\Users\erice\lth\EITA25\Datas-kerhet_G33\server.java. Using fallback presentation compiler.[0m
2026.02.01 13:54:26 INFO  no build target found for C:\Users\erice\lth\EITA25\Datas-kerhet_G33\server.java. Using fallback presentation compiler.[0m
2026.02.01 13:54:26 INFO  no build target found for C:\Users\erice\lth\EITA25\Datas-kerhet_G33\server.java. Using fallback presentation compiler.[0m
2026.02.01 13:54:26 INFO  no build target found for C:\Users\erice\lth\EITA25\Datas-kerhet_G33\server.java. Using fallback presentation compiler.[0m
2026.02.01 13:54:26 INFO  no build target found for C:\Users\erice\lth\EITA25\Datas-kerhet_G33\server.java. Using fallback presentation compiler.[0m
2026.02.01 13:54:26 INFO  no build target found for C:\Users\erice\lth\EITA25\Datas-kerhet_G33\server.java. Using fallback presentation compiler.[0m
2026.02.01 13:54:27 INFO  no build target found for C:\Users\erice\lth\EITA25\Datas-kerhet_G33\server.java. Using fallback presentation compiler.[0m
2026.02.01 13:54:27 WARN  no build target for: C:\Users\erice\lth\EITA25\Datas-kerhet_G33\server.java[0m
2026.02.01 13:54:27 INFO  no build target found for C:\Users\erice\lth\EITA25\Datas-kerhet_G33\server.java. Using fallback presentation compiler.[0m
2026.02.01 13:54:27 INFO  no build target found for C:\Users\erice\lth\EITA25\Datas-kerhet_G33\server.java. Using fallback presentation compiler.[0m
2026.02.01 13:54:27 INFO  no build target found for C:\Users\erice\lth\EITA25\Datas-kerhet_G33\server.java. Using fallback presentation compiler.[0m
2026.02.01 13:54:27 INFO  no build target found for C:\Users\erice\lth\EITA25\Datas-kerhet_G33\server.java. Using fallback presentation compiler.[0m
2026.02.01 13:54:29 INFO  no build target found for C:\Users\erice\lth\EITA25\Datas-kerhet_G33\server.java. Using fallback presentation compiler.[0m
2026.02.01 13:54:29 INFO  no build target found for C:\Users\erice\lth\EITA25\Datas-kerhet_G33\server.java. Using fallback presentation compiler.[0m
2026.02.01 13:54:29 INFO  no build target found for C:\Users\erice\lth\EITA25\Datas-kerhet_G33\server.java. Using fallback presentation compiler.[0m
Feb 01, 2026 1:54:29 PM org.eclipse.lsp4j.jsonrpc.RemoteEndpoint handleCancellation
WARNING: Unmatched cancel notification for request id 118
2026.02.01 13:54:29 INFO  no build target found for C:\Users\erice\lth\EITA25\Datas-kerhet_G33\server.java. Using fallback presentation compiler.[0m
Feb 01, 2026 1:54:29 PM org.eclipse.lsp4j.jsonrpc.RemoteEndpoint handleCancellation
WARNING: Unmatched cancel notification for request id 121
2026.02.01 13:54:29 INFO  no build target found for C:\Users\erice\lth\EITA25\Datas-kerhet_G33\server.java. Using fallback presentation compiler.[0m
2026.02.01 13:54:29 INFO  no build target found for C:\Users\erice\lth\EITA25\Datas-kerhet_G33\server.java. Using fallback presentation compiler.[0m
Feb 01, 2026 1:54:29 PM org.eclipse.lsp4j.jsonrpc.RemoteEndpoint handleCancellation
WARNING: Unmatched cancel notification for request id 123
2026.02.01 13:54:29 INFO  no build target found for C:\Users\erice\lth\EITA25\Datas-kerhet_G33\server.java. Using fallback presentation compiler.[0m
Feb 01, 2026 1:54:29 PM org.eclipse.lsp4j.jsonrpc.RemoteEndpoint handleCancellation
WARNING: Unmatched cancel notification for request id 124
2026.02.01 13:54:29 INFO  no build target found for C:\Users\erice\lth\EITA25\Datas-kerhet_G33\server.java. Using fallback presentation compiler.[0m
2026.02.01 13:54:29 INFO  no build target found for C:\Users\erice\lth\EITA25\Datas-kerhet_G33\server.java. Using fallback presentation compiler.[0m
2026.02.01 13:54:29 INFO  no build target found for C:\Users\erice\lth\EITA25\Datas-kerhet_G33\server.java. Using fallback presentation compiler.[0m
2026.02.01 13:54:30 WARN  no build target for: C:\Users\erice\lth\EITA25\Datas-kerhet_G33\server.java[0m
2026.02.01 13:54:30 INFO  no build target found for C:\Users\erice\lth\EITA25\Datas-kerhet_G33\server.java. Using fallback presentation compiler.[0m
2026.02.01 13:54:31 INFO  no build target found for C:\Users\erice\lth\EITA25\Datas-kerhet_G33\server.java. Using fallback presentation compiler.[0m
2026.02.01 13:55:32 INFO  no build target found for C:\Users\erice\lth\EITA25\Datas-kerhet_G33\server.java. Using fallback presentation compiler.[0m
2026.02.01 13:55:37 WARN  no build target for: C:\Users\erice\lth\EITA25\Datas-kerhet_G33\client.java[0m
2026.02.01 13:55:37 INFO  no build target found for C:\Users\erice\lth\EITA25\Datas-kerhet_G33\client.java. Using fallback presentation compiler.[0m
Feb 01, 2026 1:55:37 PM org.eclipse.lsp4j.jsonrpc.RemoteEndpoint handleCancellation
WARNING: Unmatched cancel notification for request id 138
2026.02.01 13:55:37 INFO  no build target found for C:\Users\erice\lth\EITA25\Datas-kerhet_G33\client.java. Using fallback presentation compiler.[0m
2026.02.01 13:55:37 INFO  no build target found for C:\Users\erice\lth\EITA25\Datas-kerhet_G33\client.java. Using fallback presentation compiler.[0m
2026.02.01 13:55:37 INFO  no build target found for C:\Users\erice\lth\EITA25\Datas-kerhet_G33\client.java. Using fallback presentation compiler.[0m
2026.02.01 13:55:42 INFO  no build target found for C:\Users\erice\lth\EITA25\Datas-kerhet_G33\client.java. Using fallback presentation compiler.[0m
2026.02.01 13:55:46 INFO  no build target found for C:\Users\erice\lth\EITA25\Datas-kerhet_G33\client.java. Using fallback presentation compiler.[0m
2026.02.01 13:55:47 INFO  no build target found for C:\Users\erice\lth\EITA25\Datas-kerhet_G33\client.java. Using fallback presentation compiler.[0m
2026.02.01 13:55:47 INFO  no build target found for C:\Users\erice\lth\EITA25\Datas-kerhet_G33\client.java. Using fallback presentation compiler.[0m
2026.02.01 13:55:47 INFO  no build target found for C:\Users\erice\lth\EITA25\Datas-kerhet_G33\client.java. Using fallback presentation compiler.[0m
2026.02.01 13:55:49 INFO  no build target found for C:\Users\erice\lth\EITA25\Datas-kerhet_G33\client.java. Using fallback presentation compiler.[0m
2026.02.01 13:55:50 INFO  no build target found for C:\Users\erice\lth\EITA25\Datas-kerhet_G33\client.java. Using fallback presentation compiler.[0m
2026.02.01 13:55:50 INFO  no build target found for C:\Users\erice\lth\EITA25\Datas-kerhet_G33\client.java. Using fallback presentation compiler.[0m
2026.02.01 13:55:51 INFO  no build target found for C:\Users\erice\lth\EITA25\Datas-kerhet_G33\client.java. Using fallback presentation compiler.[0m
2026.02.01 13:55:51 INFO  no build target found for C:\Users\erice\lth\EITA25\Datas-kerhet_G33\client.java. Using fallback presentation compiler.[0m
2026.02.01 13:55:51 INFO  no build target found for C:\Users\erice\lth\EITA25\Datas-kerhet_G33\client.java. Using fallback presentation compiler.[0m
2026.02.01 13:55:53 INFO  no build target found for C:\Users\erice\lth\EITA25\Datas-kerhet_G33\client.java. Using fallback presentation compiler.[0m
2026.02.01 13:55:53 INFO  no build target found for C:\Users\erice\lth\EITA25\Datas-kerhet_G33\client.java. Using fallback presentation compiler.[0m
2026.02.01 13:55:53 INFO  no build target found for C:\Users\erice\lth\EITA25\Datas-kerhet_G33\client.java. Using fallback presentation compiler.[0m
2026.02.01 13:55:54 WARN  no build target for: C:\Users\erice\lth\EITA25\Datas-kerhet_G33\client.java[0m
2026.02.01 13:55:54 INFO  no build target found for C:\Users\erice\lth\EITA25\Datas-kerhet_G33\client.java. Using fallback presentation compiler.[0m
2026.02.01 13:55:54 INFO  no build target found for C:\Users\erice\lth\EITA25\Datas-kerhet_G33\client.java. Using fallback presentation compiler.[0m
2026.02.01 13:55:54 INFO  no build target found for C:\Users\erice\lth\EITA25\Datas-kerhet_G33\client.java. Using fallback presentation compiler.[0m
2026.02.01 13:55:55 INFO  no build target found for C:\Users\erice\lth\EITA25\Datas-kerhet_G33\client.java. Using fallback presentation compiler.[0m
2026.02.01 13:55:55 INFO  no build target found for C:\Users\erice\lth\EITA25\Datas-kerhet_G33\client.java. Using fallback presentation compiler.[0m
2026.02.01 13:55:55 INFO  no build target found for C:\Users\erice\lth\EITA25\Datas-kerhet_G33\client.java. Using fallback presentation compiler.[0m
2026.02.01 13:55:56 WARN  no build target for: C:\Users\erice\lth\EITA25\Datas-kerhet_G33\client.java[0m
2026.02.01 13:55:56 INFO  no build target found for C:\Users\erice\lth\EITA25\Datas-kerhet_G33\client.java. Using fallback presentation compiler.[0m
2026.02.01 13:55:57 INFO  no build target found for C:\Users\erice\lth\EITA25\Datas-kerhet_G33\client.java. Using fallback presentation compiler.[0m
2026.02.01 13:55:57 INFO  no build target found for C:\Users\erice\lth\EITA25\Datas-kerhet_G33\client.java. Using fallback presentation compiler.[0m
2026.02.01 13:55:57 INFO  no build target found for C:\Users\erice\lth\EITA25\Datas-kerhet_G33\client.java. Using fallback presentation compiler.[0m
2026.02.01 13:55:58 INFO  no build target found for C:\Users\erice\lth\EITA25\Datas-kerhet_G33\client.java. Using fallback presentation compiler.[0m
2026.02.01 13:55:58 INFO  no build target found for C:\Users\erice\lth\EITA25\Datas-kerhet_G33\client.java. Using fallback presentation compiler.[0m
2026.02.01 13:55:58 INFO  no build target found for C:\Users\erice\lth\EITA25\Datas-kerhet_G33\client.java. Using fallback presentation compiler.[0m
2026.02.01 13:55:59 WARN  no build target for: C:\Users\erice\lth\EITA25\Datas-kerhet_G33\client.java[0m
2026.02.01 13:55:59 INFO  no build target found for C:\Users\erice\lth\EITA25\Datas-kerhet_G33\client.java. Using fallback presentation compiler.[0m
2026.02.01 13:56:00 INFO  no build target found for C:\Users\erice\lth\EITA25\Datas-kerhet_G33\client.java. Using fallback presentation compiler.[0m
2026.02.01 13:56:00 INFO  no build target found for C:\Users\erice\lth\EITA25\Datas-kerhet_G33\client.java. Using fallback presentation compiler.[0m
2026.02.01 13:56:00 INFO  no build target found for C:\Users\erice\lth\EITA25\Datas-kerhet_G33\client.java. Using fallback presentation compiler.[0m
2026.02.01 13:56:00 INFO  no build target found for C:\Users\erice\lth\EITA25\Datas-kerhet_G33\client.java. Using fallback presentation compiler.[0m
2026.02.01 13:56:01 WARN  no build target for: C:\Users\erice\lth\EITA25\Datas-kerhet_G33\client.java[0m
2026.02.01 13:56:01 INFO  no build target found for C:\Users\erice\lth\EITA25\Datas-kerhet_G33\client.java. Using fallback presentation compiler.[0m
2026.02.01 13:56:02 INFO  no build target found for C:\Users\erice\lth\EITA25\Datas-kerhet_G33\client.java. Using fallback presentation compiler.[0m
2026.02.01 13:56:05 INFO  no build target found for C:\Users\erice\lth\EITA25\Datas-kerhet_G33\client.java. Using fallback presentation compiler.[0m
2026.02.01 13:56:05 INFO  no build target found for C:\Users\erice\lth\EITA25\Datas-kerhet_G33\client.java. Using fallback presentation compiler.[0m
2026.02.01 13:56:05 INFO  no build target found for C:\Users\erice\lth\EITA25\Datas-kerhet_G33\client.java. Using fallback presentation compiler.[0m
2026.02.01 13:56:06 INFO  no build target found for C:\Users\erice\lth\EITA25\Datas-kerhet_G33\client.java. Using fallback presentation compiler.[0m
2026.02.01 13:56:06 INFO  no build target found for C:\Users\erice\lth\EITA25\Datas-kerhet_G33\client.java. Using fallback presentation compiler.[0m
2026.02.01 13:56:09 INFO  no build target found for C:\Users\erice\lth\EITA25\Datas-kerhet_G33\client.java. Using fallback presentation compiler.[0m
2026.02.01 13:56:09 INFO  no build target found for C:\Users\erice\lth\EITA25\Datas-kerhet_G33\client.java. Using fallback presentation compiler.[0m
2026.02.01 13:56:10 INFO  no build target found for C:\Users\erice\lth\EITA25\Datas-kerhet_G33\client.java. Using fallback presentation compiler.[0m
2026.02.01 13:56:10 INFO  no build target found for C:\Users\erice\lth\EITA25\Datas-kerhet_G33\client.java. Using fallback presentation compiler.[0m
2026.02.01 13:56:12 INFO  no build target found for C:\Users\erice\lth\EITA25\Datas-kerhet_G33\client.java. Using fallback presentation compiler.[0m
2026.02.01 13:56:13 INFO  no build target found for C:\Users\erice\lth\EITA25\Datas-kerhet_G33\client.java. Using fallback presentation compiler.[0m
2026.02.01 13:56:13 INFO  no build target found for C:\Users\erice\lth\EITA25\Datas-kerhet_G33\client.java. Using fallback presentation compiler.[0m
2026.02.01 13:56:13 INFO  no build target found for C:\Users\erice\lth\EITA25\Datas-kerhet_G33\client.java. Using fallback presentation compiler.[0m
2026.02.01 13:56:14 INFO  no build target found for C:\Users\erice\lth\EITA25\Datas-kerhet_G33\client.java. Using fallback presentation compiler.[0m
Feb 01, 2026 1:56:15 PM org.eclipse.lsp4j.jsonrpc.RemoteEndpoint handleCancellation
WARNING: Unmatched cancel notification for request id 227
Feb 01, 2026 1:56:15 PM org.eclipse.lsp4j.jsonrpc.RemoteEndpoint handleCancellation
WARNING: Unmatched cancel notification for request id 229
Feb 01, 2026 1:56:15 PM org.eclipse.lsp4j.jsonrpc.RemoteEndpoint handleCancellation
WARNING: Unmatched cancel notification for request id 230
2026.02.01 13:56:15 INFO  no build target found for C:\Users\erice\lth\EITA25\Datas-kerhet_G33\client.java. Using fallback presentation compiler.[0m
Feb 01, 2026 1:56:15 PM org.eclipse.lsp4j.jsonrpc.RemoteEndpoint handleCancellation
WARNING: Unmatched cancel notification for request id 231
2026.02.01 13:56:15 INFO  no build target found for C:\Users\erice\lth\EITA25\Datas-kerhet_G33\client.java. Using fallback presentation compiler.[0m
2026.02.01 13:56:16 INFO  no build target found for C:\Users\erice\lth\EITA25\Datas-kerhet_G33\client.java. Using fallback presentation compiler.[0m
2026.02.01 13:56:16 WARN  no build target for: C:\Users\erice\lth\EITA25\Datas-kerhet_G33\client.java[0m
2026.02.01 13:56:16 INFO  no build target found for C:\Users\erice\lth\EITA25\Datas-kerhet_G33\client.java. Using fallback presentation compiler.[0m
2026.02.01 13:56:16 INFO  no build target found for C:\Users\erice\lth\EITA25\Datas-kerhet_G33\client.java. Using fallback presentation compiler.[0m
2026.02.01 13:56:16 INFO  no build target found for C:\Users\erice\lth\EITA25\Datas-kerhet_G33\client.java. Using fallback presentation compiler.[0m
2026.02.01 13:56:16 INFO  no build target found for C:\Users\erice\lth\EITA25\Datas-kerhet_G33\client.java. Using fallback presentation compiler.[0m
2026.02.01 13:56:18 INFO  no build target found for C:\Users\erice\lth\EITA25\Datas-kerhet_G33\client.java. Using fallback presentation compiler.[0m
2026.02.01 13:56:19 INFO  no build target found for C:\Users\erice\lth\EITA25\Datas-kerhet_G33\client.java. Using fallback presentation compiler.[0m
2026.02.01 13:56:19 INFO  no build target found for C:\Users\erice\lth\EITA25\Datas-kerhet_G33\client.java. Using fallback presentation compiler.[0m
2026.02.01 13:56:20 INFO  no build target found for C:\Users\erice\lth\EITA25\Datas-kerhet_G33\client.java. Using fallback presentation compiler.[0m
2026.02.01 13:56:20 INFO  no build target found for C:\Users\erice\lth\EITA25\Datas-kerhet_G33\client.java. Using fallback presentation compiler.[0m
2026.02.01 13:56:20 INFO  no build target found for C:\Users\erice\lth\EITA25\Datas-kerhet_G33\client.java. Using fallback presentation compiler.[0m
2026.02.01 13:56:21 INFO  no build target found for C:\Users\erice\lth\EITA25\Datas-kerhet_G33\client.java. Using fallback presentation compiler.[0m
2026.02.01 13:56:20 INFO  no build target found for C:\Users\erice\lth\EITA25\Datas-kerhet_G33\client.java. Using fallback presentation compiler.[0m
2026.02.01 13:56:21 INFO  no build target found for C:\Users\erice\lth\EITA25\Datas-kerhet_G33\client.java. Using fallback presentation compiler.[0m
2026.02.01 13:56:22 INFO  no build target found for C:\Users\erice\lth\EITA25\Datas-kerhet_G33\client.java. Using fallback presentation compiler.[0m
2026.02.01 13:56:23 WARN  no build target for: C:\Users\erice\lth\EITA25\Datas-kerhet_G33\client.java[0m
2026.02.01 13:56:23 INFO  no build target found for C:\Users\erice\lth\EITA25\Datas-kerhet_G33\client.java. Using fallback presentation compiler.[0m
2026.02.01 13:56:22 INFO  no build target found for C:\Users\erice\lth\EITA25\Datas-kerhet_G33\client.java. Using fallback presentation compiler.[0m
2026.02.01 13:56:26 INFO  no build target found for C:\Users\erice\lth\EITA25\Datas-kerhet_G33\client.java. Using fallback presentation compiler.[0m
2026.02.01 13:56:26 INFO  no build target found for C:\Users\erice\lth\EITA25\Datas-kerhet_G33\client.java. Using fallback presentation compiler.[0m
2026.02.01 13:56:26 INFO  no build target found for C:\Users\erice\lth\EITA25\Datas-kerhet_G33\client.java. Using fallback presentation compiler.[0m
2026.02.01 13:56:26 INFO  no build target found for C:\Users\erice\lth\EITA25\Datas-kerhet_G33\client.java. Using fallback presentation compiler.[0m
2026.02.01 13:56:26 INFO  no build target found for C:\Users\erice\lth\EITA25\Datas-kerhet_G33\client.java. Using fallback presentation compiler.[0m
2026.02.01 13:56:27 INFO  no build target found for C:\Users\erice\lth\EITA25\Datas-kerhet_G33\client.java. Using fallback presentation compiler.[0m
Feb 01, 2026 1:56:27 PM org.eclipse.lsp4j.jsonrpc.RemoteEndpoint handleCancellation
WARNING: Unmatched cancel notification for request id 264
2026.02.01 13:56:27 INFO  no build target found for C:\Users\erice\lth\EITA25\Datas-kerhet_G33\client.java. Using fallback presentation compiler.[0m
2026.02.01 13:56:27 INFO  no build target found for C:\Users\erice\lth\EITA25\Datas-kerhet_G33\client.java. Using fallback presentation compiler.[0m
2026.02.01 13:56:27 INFO  no build target found for C:\Users\erice\lth\EITA25\Datas-kerhet_G33\client.java. Using fallback presentation compiler.[0m
2026.02.01 13:56:27 INFO  no build target found for C:\Users\erice\lth\EITA25\Datas-kerhet_G33\client.java. Using fallback presentation compiler.[0m
2026.02.01 13:56:28 WARN  no build target for: C:\Users\erice\lth\EITA25\Datas-kerhet_G33\client.java[0m
2026.02.01 13:56:28 INFO  no build target found for C:\Users\erice\lth\EITA25\Datas-kerhet_G33\client.java. Using fallback presentation compiler.[0m
2026.02.01 13:56:29 INFO  no build target found for C:\Users\erice\lth\EITA25\Datas-kerhet_G33\client.java. Using fallback presentation compiler.[0m
2026.02.01 13:56:51 INFO  no build target found for C:\Users\erice\lth\EITA25\Datas-kerhet_G33\client.java. Using fallback presentation compiler.[0m
2026.02.01 13:58:34 WARN  no build target for: C:\Users\erice\lth\EITA25\Datas-kerhet_G33\server.java[0m
2026.02.01 13:58:34 INFO  no build target found for C:\Users\erice\lth\EITA25\Datas-kerhet_G33\server.java. Using fallback presentation compiler.[0m
2026.02.01 13:58:34 INFO  no build target found for C:\Users\erice\lth\EITA25\Datas-kerhet_G33\server.java. Using fallback presentation compiler.[0m
2026.02.01 13:58:34 INFO  no build target found for C:\Users\erice\lth\EITA25\Datas-kerhet_G33\server.java. Using fallback presentation compiler.[0m
2026.02.01 13:58:40 INFO  no build target found for C:\Users\erice\lth\EITA25\Datas-kerhet_G33\server.java. Using fallback presentation compiler.[0m
2026.02.01 13:58:42 INFO  no build target found for C:\Users\erice\lth\EITA25\Datas-kerhet_G33\server.java. Using fallback presentation compiler.[0m
2026.02.01 13:58:43 INFO  no build target found for C:\Users\erice\lth\EITA25\Datas-kerhet_G33\server.java. Using fallback presentation compiler.[0m
2026.02.01 14:10:14 INFO  no build target found for C:\Users\erice\lth\EITA25\Datas-kerhet_G33\server.java. Using fallback presentation compiler.[0m
2026.02.01 14:10:18 INFO  no build target found for C:\Users\erice\lth\EITA25\Datas-kerhet_G33\server.java. Using fallback presentation compiler.[0m
2026.02.01 14:10:25 INFO  no build target found for C:\Users\erice\lth\EITA25\Datas-kerhet_G33\server.java. Using fallback presentation compiler.[0m
2026.02.01 14:10:25 INFO  no build target found for C:\Users\erice\lth\EITA25\Datas-kerhet_G33\server.java. Using fallback presentation compiler.[0m
2026.02.01 14:10:25 INFO  no build target found for C:\Users\erice\lth\EITA25\Datas-kerhet_G33\server.java. Using fallback presentation compiler.[0m
2026.02.01 14:10:25 INFO  no build target found for C:\Users\erice\lth\EITA25\Datas-kerhet_G33\server.java. Using fallback presentation compiler.[0m
2026.02.01 14:10:25 INFO  no build target found for C:\Users\erice\lth\EITA25\Datas-kerhet_G33\server.java. Using fallback presentation compiler.[0m
2026.02.01 14:10:26 INFO  no build target found for C:\Users\erice\lth\EITA25\Datas-kerhet_G33\server.java. Using fallback presentation compiler.[0m
2026.02.01 14:10:26 WARN  no build target for: C:\Users\erice\lth\EITA25\Datas-kerhet_G33\server.java[0m
2026.02.01 14:10:26 INFO  no build target found for C:\Users\erice\lth\EITA25\Datas-kerhet_G33\server.java. Using fallback presentation compiler.[0m
2026.02.01 14:10:26 INFO  no build target found for C:\Users\erice\lth\EITA25\Datas-kerhet_G33\server.java. Using fallback presentation compiler.[0m
2026.02.01 14:10:26 INFO  no build target found for C:\Users\erice\lth\EITA25\Datas-kerhet_G33\server.java. Using fallback presentation compiler.[0m
2026.02.01 14:10:29 INFO  no build target found for C:\Users\erice\lth\EITA25\Datas-kerhet_G33\server.java. Using fallback presentation compiler.[0m
2026.02.01 14:10:31 WARN  no build target for: C:\Users\erice\lth\EITA25\Datas-kerhet_G33\server.java[0m
2026.02.01 14:10:31 INFO  no build target found for C:\Users\erice\lth\EITA25\Datas-kerhet_G33\server.java. Using fallback presentation compiler.[0m
2026.02.01 14:10:32 INFO  no build target found for C:\Users\erice\lth\EITA25\Datas-kerhet_G33\server.java. Using fallback presentation compiler.[0m
2026.02.01 14:10:36 INFO  no build target found for C:\Users\erice\lth\EITA25\Datas-kerhet_G33\server.java. Using fallback presentation compiler.[0m
2026.02.01 14:10:36 INFO  no build target found for C:\Users\erice\lth\EITA25\Datas-kerhet_G33\server.java. Using fallback presentation compiler.[0m
2026.02.01 14:10:36 INFO  no build target found for C:\Users\erice\lth\EITA25\Datas-kerhet_G33\server.java. Using fallback presentation compiler.[0m
2026.02.01 14:10:38 INFO  no build target found for C:\Users\erice\lth\EITA25\Datas-kerhet_G33\server.java. Using fallback presentation compiler.[0m
2026.02.01 14:10:39 INFO  no build target found for C:\Users\erice\lth\EITA25\Datas-kerhet_G33\server.java. Using fallback presentation compiler.[0m
2026.02.01 14:10:38 INFO  no build target found for C:\Users\erice\lth\EITA25\Datas-kerhet_G33\server.java. Using fallback presentation compiler.[0m
2026.02.01 14:10:40 INFO  no build target found for C:\Users\erice\lth\EITA25\Datas-kerhet_G33\server.java. Using fallback presentation compiler.[0m
2026.02.01 14:10:41 INFO  no build target found for C:\Users\erice\lth\EITA25\Datas-kerhet_G33\server.java. Using fallback presentation compiler.[0m
2026.02.01 14:10:43 INFO  no build target found for C:\Users\erice\lth\EITA25\Datas-kerhet_G33\server.java. Using fallback presentation compiler.[0m
2026.02.01 14:10:44 INFO  no build target found for C:\Users\erice\lth\EITA25\Datas-kerhet_G33\server.java. Using fallback presentation compiler.[0m
2026.02.01 14:10:46 INFO  no build target found for C:\Users\erice\lth\EITA25\Datas-kerhet_G33\server.java. Using fallback presentation compiler.[0m
2026.02.01 14:10:46 INFO  no build target found for C:\Users\erice\lth\EITA25\Datas-kerhet_G33\server.java. Using fallback presentation compiler.[0m
2026.02.01 14:10:48 INFO  no build target found for C:\Users\erice\lth\EITA25\Datas-kerhet_G33\server.java. Using fallback presentation compiler.[0m
2026.02.01 14:10:48 INFO  no build target found for C:\Users\erice\lth\EITA25\Datas-kerhet_G33\server.java. Using fallback presentation compiler.[0m
2026.02.01 14:10:48 INFO  no build target found for C:\Users\erice\lth\EITA25\Datas-kerhet_G33\server.java. Using fallback presentation compiler.[0m
2026.02.01 14:10:48 INFO  no build target found for C:\Users\erice\lth\EITA25\Datas-kerhet_G33\server.java. Using fallback presentation compiler.[0m
2026.02.01 14:10:48 WARN  no build target for: C:\Users\erice\lth\EITA25\Datas-kerhet_G33\server.java[0m
2026.02.01 14:10:48 INFO  no build target found for C:\Users\erice\lth\EITA25\Datas-kerhet_G33\server.java. Using fallback presentation compiler.[0m
2026.02.01 14:10:50 INFO  no build target found for C:\Users\erice\lth\EITA25\Datas-kerhet_G33\server.java. Using fallback presentation compiler.[0m
2026.02.01 14:11:03 INFO  no build target found for C:\Users\erice\lth\EITA25\Datas-kerhet_G33\server.java. Using fallback presentation compiler.[0m
2026.02.01 14:11:03 INFO  no build target found for C:\Users\erice\lth\EITA25\Datas-kerhet_G33\server.java. Using fallback presentation compiler.[0m
2026.02.01 14:11:04 INFO  no build target found for C:\Users\erice\lth\EITA25\Datas-kerhet_G33\server.java. Using fallback presentation compiler.[0m
2026.02.01 14:11:03 INFO  no build target found for C:\Users\erice\lth\EITA25\Datas-kerhet_G33\server.java. Using fallback presentation compiler.[0m
2026.02.01 14:11:05 INFO  no build target found for C:\Users\erice\lth\EITA25\Datas-kerhet_G33\server.java. Using fallback presentation compiler.[0m
2026.02.01 14:11:05 WARN  no build target for: C:\Users\erice\lth\EITA25\Datas-kerhet_G33\server.java[0m
2026.02.01 14:11:05 INFO  no build target found for C:\Users\erice\lth\EITA25\Datas-kerhet_G33\server.java. Using fallback presentation compiler.[0m
2026.02.01 14:11:13 INFO  no build target found for C:\Users\erice\lth\EITA25\Datas-kerhet_G33\server.java. Using fallback presentation compiler.[0m
2026.02.01 14:11:13 INFO  no build target found for C:\Users\erice\lth\EITA25\Datas-kerhet_G33\server.java. Using fallback presentation compiler.[0m
2026.02.01 14:11:20 WARN  no build target for: C:\Users\erice\lth\EITA25\Datas-kerhet_G33\client.java[0m
2026.02.01 14:11:20 INFO  no build target found for C:\Users\erice\lth\EITA25\Datas-kerhet_G33\client.java. Using fallback presentation compiler.[0m
2026.02.01 14:11:21 INFO  no build target found for C:\Users\erice\lth\EITA25\Datas-kerhet_G33\client.java. Using fallback presentation compiler.[0m
2026.02.01 14:11:20 INFO  no build target found for C:\Users\erice\lth\EITA25\Datas-kerhet_G33\client.java. Using fallback presentation compiler.[0m
2026.02.01 14:11:20 INFO  no build target found for C:\Users\erice\lth\EITA25\Datas-kerhet_G33\client.java. Using fallback presentation compiler.[0m
2026.02.01 14:11:20 INFO  no build target found for C:\Users\erice\lth\EITA25\Datas-kerhet_G33\client.java. Using fallback presentation compiler.[0m
2026.02.01 14:11:24 INFO  no build target found for C:\Users\erice\lth\EITA25\Datas-kerhet_G33\client.java. Using fallback presentation compiler.[0m
2026.02.01 14:11:24 INFO  no build target found for C:\Users\erice\lth\EITA25\Datas-kerhet_G33\client.java. Using fallback presentation compiler.[0m
2026.02.01 14:11:24 INFO  no build target found for C:\Users\erice\lth\EITA25\Datas-kerhet_G33\client.java. Using fallback presentation compiler.[0m
2026.02.01 14:11:25 INFO  no build target found for C:\Users\erice\lth\EITA25\Datas-kerhet_G33\client.java. Using fallback presentation compiler.[0m
2026.02.01 14:11:25 INFO  no build target found for C:\Users\erice\lth\EITA25\Datas-kerhet_G33\client.java. Using fallback presentation compiler.[0m
2026.02.01 14:11:25 INFO  no build target found for C:\Users\erice\lth\EITA25\Datas-kerhet_G33\client.java. Using fallback presentation compiler.[0m
2026.02.01 14:11:26 INFO  no build target found for C:\Users\erice\lth\EITA25\Datas-kerhet_G33\client.java. Using fallback presentation compiler.[0m
2026.02.01 14:11:26 INFO  no build target found for C:\Users\erice\lth\EITA25\Datas-kerhet_G33\client.java. Using fallback presentation compiler.[0m
2026.02.01 14:11:26 INFO  no build target found for C:\Users\erice\lth\EITA25\Datas-kerhet_G33\client.java. Using fallback presentation compiler.[0m
2026.02.01 14:11:27 INFO  no build target found for C:\Users\erice\lth\EITA25\Datas-kerhet_G33\client.java. Using fallback presentation compiler.[0m
2026.02.01 14:11:28 WARN  no build target for: C:\Users\erice\lth\EITA25\Datas-kerhet_G33\client.java[0m
2026.02.01 14:11:28 INFO  no build target found for C:\Users\erice\lth\EITA25\Datas-kerhet_G33\client.java. Using fallback presentation compiler.[0m
2026.02.01 14:11:30 INFO  no build target found for C:\Users\erice\lth\EITA25\Datas-kerhet_G33\client.java. Using fallback presentation compiler.[0m
2026.02.01 14:12:22 INFO  no build target found for C:\Users\erice\lth\EITA25\Datas-kerhet_G33\client.java. Using fallback presentation compiler.[0m
2026.02.01 14:12:24 WARN  no build target for: C:\Users\erice\lth\EITA25\Datas-kerhet_G33\server.java[0m
2026.02.01 14:12:24 INFO  no build target found for C:\Users\erice\lth\EITA25\Datas-kerhet_G33\server.java. Using fallback presentation compiler.[0m
2026.02.01 14:12:25 INFO  no build target found for C:\Users\erice\lth\EITA25\Datas-kerhet_G33\server.java. Using fallback presentation compiler.[0m
2026.02.01 14:12:24 INFO  no build target found for C:\Users\erice\lth\EITA25\Datas-kerhet_G33\server.java. Using fallback presentation compiler.[0m
2026.02.01 14:12:27 INFO  no build target found for C:\Users\erice\lth\EITA25\Datas-kerhet_G33\server.java. Using fallback presentation compiler.[0m
2026.02.01 14:12:27 INFO  no build target found for C:\Users\erice\lth\EITA25\Datas-kerhet_G33\server.java. Using fallback presentation compiler.[0m
2026.02.01 14:12:29 WARN  no build target for: C:\Users\erice\lth\EITA25\Datas-kerhet_G33\client.java[0m
2026.02.01 14:12:29 INFO  no build target found for C:\Users\erice\lth\EITA25\Datas-kerhet_G33\client.java. Using fallback presentation compiler.[0m
2026.02.01 14:12:29 INFO  no build target found for C:\Users\erice\lth\EITA25\Datas-kerhet_G33\client.java. Using fallback presentation compiler.[0m
2026.02.01 14:12:29 INFO  no build target found for C:\Users\erice\lth\EITA25\Datas-kerhet_G33\client.java. Using fallback presentation compiler.[0m
2026.02.01 14:12:33 INFO  no build target found for C:\Users\erice\lth\EITA25\Datas-kerhet_G33\client.java. Using fallback presentation compiler.[0m
2026.02.01 14:12:39 INFO  no build target found for C:\Users\erice\lth\EITA25\Datas-kerhet_G33\client.java. Using fallback presentation compiler.[0m
2026.02.01 14:12:39 INFO  no build target found for C:\Users\erice\lth\EITA25\Datas-kerhet_G33\client.java. Using fallback presentation compiler.[0m
2026.02.01 14:12:39 INFO  no build target found for C:\Users\erice\lth\EITA25\Datas-kerhet_G33\client.java. Using fallback presentation compiler.[0m
2026.02.01 14:12:39 INFO  no build target found for C:\Users\erice\lth\EITA25\Datas-kerhet_G33\client.java. Using fallback presentation compiler.[0m
2026.02.01 14:12:39 INFO  no build target found for C:\Users\erice\lth\EITA25\Datas-kerhet_G33\client.java. Using fallback presentation compiler.[0m
2026.02.01 14:12:40 WARN  no build target for: C:\Users\erice\lth\EITA25\Datas-kerhet_G33\client.java[0m
2026.02.01 14:12:40 INFO  no build target found for C:\Users\erice\lth\EITA25\Datas-kerhet_G33\client.java. Using fallback presentation compiler.[0m
2026.02.01 14:12:41 INFO  no build target found for C:\Users\erice\lth\EITA25\Datas-kerhet_G33\client.java. Using fallback presentation compiler.[0m
2026.02.01 14:12:48 INFO  no build target found for C:\Users\erice\lth\EITA25\Datas-kerhet_G33\client.java. Using fallback presentation compiler.[0m
2026.02.01 14:12:48 INFO  no build target found for C:\Users\erice\lth\EITA25\Datas-kerhet_G33\client.java. Using fallback presentation compiler.[0m
2026.02.01 14:12:50 INFO  no build target found for C:\Users\erice\lth\EITA25\Datas-kerhet_G33\client.java. Using fallback presentation compiler.[0m
2026.02.01 14:12:52 INFO  no build target found for C:\Users\erice\lth\EITA25\Datas-kerhet_G33\client.java. Using fallback presentation compiler.[0m
2026.02.01 14:12:55 INFO  no build target found for C:\Users\erice\lth\EITA25\Datas-kerhet_G33\client.java. Using fallback presentation compiler.[0m
2026.02.01 14:12:55 INFO  no build target found for C:\Users\erice\lth\EITA25\Datas-kerhet_G33\client.java. Using fallback presentation compiler.[0m
2026.02.01 14:12:57 INFO  no build target found for C:\Users\erice\lth\EITA25\Datas-kerhet_G33\client.java. Using fallback presentation compiler.[0m
2026.02.01 14:13:00 INFO  no build target found for C:\Users\erice\lth\EITA25\Datas-kerhet_G33\client.java. Using fallback presentation compiler.[0m
2026.02.01 14:13:00 INFO  no build target found for C:\Users\erice\lth\EITA25\Datas-kerhet_G33\client.java. Using fallback presentation compiler.[0m
2026.02.01 14:13:00 INFO  no build target found for C:\Users\erice\lth\EITA25\Datas-kerhet_G33\client.java. Using fallback presentation compiler.[0m
2026.02.01 14:13:01 INFO  no build target found for C:\Users\erice\lth\EITA25\Datas-kerhet_G33\client.java. Using fallback presentation compiler.[0m
2026.02.01 14:13:01 INFO  no build target found for C:\Users\erice\lth\EITA25\Datas-kerhet_G33\client.java. Using fallback presentation compiler.[0m
2026.02.01 14:13:01 WARN  no build target for: C:\Users\erice\lth\EITA25\Datas-kerhet_G33\client.java[0m
2026.02.01 14:13:01 INFO  no build target found for C:\Users\erice\lth\EITA25\Datas-kerhet_G33\client.java. Using fallback presentation compiler.[0m
2026.02.01 14:13:01 INFO  no build target found for C:\Users\erice\lth\EITA25\Datas-kerhet_G33\client.java. Using fallback presentation compiler.[0m
2026.02.01 14:13:01 INFO  no build target found for C:\Users\erice\lth\EITA25\Datas-kerhet_G33\client.java. Using fallback presentation compiler.[0m
2026.02.01 14:13:04 INFO  no build target found for C:\Users\erice\lth\EITA25\Datas-kerhet_G33\client.java. Using fallback presentation compiler.[0m
2026.02.01 14:13:04 INFO  no build target found for C:\Users\erice\lth\EITA25\Datas-kerhet_G33\client.java. Using fallback presentation compiler.[0m
2026.02.01 14:13:04 INFO  no build target found for C:\Users\erice\lth\EITA25\Datas-kerhet_G33\client.java. Using fallback presentation compiler.[0m
2026.02.01 14:13:04 INFO  no build target found for C:\Users\erice\lth\EITA25\Datas-kerhet_G33\client.java. Using fallback presentation compiler.[0m
2026.02.01 14:13:05 WARN  no build target for: C:\Users\erice\lth\EITA25\Datas-kerhet_G33\client.java[0m
2026.02.01 14:13:04 INFO  no build target found for C:\Users\erice\lth\EITA25\Datas-kerhet_G33\client.java. Using fallback presentation compiler.[0m
2026.02.01 14:13:05 INFO  no build target found for C:\Users\erice\lth\EITA25\Datas-kerhet_G33\client.java. Using fallback presentation compiler.[0m
2026.02.01 14:13:08 INFO  no build target found for C:\Users\erice\lth\EITA25\Datas-kerhet_G33\client.java. Using fallback presentation compiler.[0m
2026.02.01 14:13:08 INFO  no build target found for C:\Users\erice\lth\EITA25\Datas-kerhet_G33\client.java. Using fallback presentation compiler.[0m
2026.02.01 14:13:08 INFO  no build target found for C:\Users\erice\lth\EITA25\Datas-kerhet_G33\client.java. Using fallback presentation compiler.[0m
2026.02.01 14:13:08 INFO  no build target found for C:\Users\erice\lth\EITA25\Datas-kerhet_G33\client.java. Using fallback presentation compiler.[0m
2026.02.01 14:13:08 INFO  no build target found for C:\Users\erice\lth\EITA25\Datas-kerhet_G33\client.java. Using fallback presentation compiler.[0m
2026.02.01 14:13:09 WARN  no build target for: C:\Users\erice\lth\EITA25\Datas-kerhet_G33\client.java[0m
2026.02.01 14:13:08 INFO  no build target found for C:\Users\erice\lth\EITA25\Datas-kerhet_G33\client.java. Using fallback presentation compiler.[0m
2026.02.01 14:13:10 INFO  no build target found for C:\Users\erice\lth\EITA25\Datas-kerhet_G33\client.java. Using fallback presentation compiler.[0m
2026.02.01 14:13:11 INFO  no build target found for C:\Users\erice\lth\EITA25\Datas-kerhet_G33\client.java. Using fallback presentation compiler.[0m
2026.02.01 14:18:03 INFO  no build target found for C:\Users\erice\lth\EITA25\Datas-kerhet_G33\client.java. Using fallback presentation compiler.[0m
2026.02.01 14:18:03 INFO  no build target found for C:\Users\erice\lth\EITA25\Datas-kerhet_G33\client.java. Using fallback presentation compiler.[0m
2026.02.01 14:18:03 INFO  no build target found for C:\Users\erice\lth\EITA25\Datas-kerhet_G33\client.java. Using fallback presentation compiler.[0m
2026.02.01 14:18:04 INFO  no build target found for C:\Users\erice\lth\EITA25\Datas-kerhet_G33\client.java. Using fallback presentation compiler.[0m
2026.02.01 14:18:05 WARN  no build target for: C:\Users\erice\lth\EITA25\Datas-kerhet_G33\client.java[0m
2026.02.01 14:18:05 INFO  no build target found for C:\Users\erice\lth\EITA25\Datas-kerhet_G33\client.java. Using fallback presentation compiler.[0m
2026.02.01 14:18:05 INFO  no build target found for C:\Users\erice\lth\EITA25\Datas-kerhet_G33\client.java. Using fallback presentation compiler.[0m
2026.02.01 14:18:05 INFO  no build target found for C:\Users\erice\lth\EITA25\Datas-kerhet_G33\client.java. Using fallback presentation compiler.[0m
2026.02.01 14:18:05 INFO  no build target found for C:\Users\erice\lth\EITA25\Datas-kerhet_G33\client.java. Using fallback presentation compiler.[0m
2026.02.01 14:18:05 INFO  no build target found for C:\Users\erice\lth\EITA25\Datas-kerhet_G33\client.java. Using fallback presentation compiler.[0m
2026.02.01 14:18:06 INFO  no build target found for C:\Users\erice\lth\EITA25\Datas-kerhet_G33\client.java. Using fallback presentation compiler.[0m
2026.02.01 14:18:06 INFO  no build target found for C:\Users\erice\lth\EITA25\Datas-kerhet_G33\client.java. Using fallback presentation compiler.[0m
2026.02.01 14:18:06 WARN  no build target for: C:\Users\erice\lth\EITA25\Datas-kerhet_G33\client.java[0m
2026.02.01 14:18:06 INFO  no build target found for C:\Users\erice\lth\EITA25\Datas-kerhet_G33\client.java. Using fallback presentation compiler.[0m
2026.02.01 14:18:06 INFO  no build target found for C:\Users\erice\lth\EITA25\Datas-kerhet_G33\client.java. Using fallback presentation compiler.[0m
2026.02.01 14:18:07 INFO  no build target found for C:\Users\erice\lth\EITA25\Datas-kerhet_G33\client.java. Using fallback presentation compiler.[0m
2026.02.01 14:18:09 INFO  no build target found for C:\Users\erice\lth\EITA25\Datas-kerhet_G33\client.java. Using fallback presentation compiler.[0m
2026.02.01 14:18:09 INFO  no build target found for C:\Users\erice\lth\EITA25\Datas-kerhet_G33\client.java. Using fallback presentation compiler.[0m
2026.02.01 14:18:10 WARN  no build target for: C:\Users\erice\lth\EITA25\Datas-kerhet_G33\client.java[0m
2026.02.01 14:18:09 INFO  no build target found for C:\Users\erice\lth\EITA25\Datas-kerhet_G33\client.java. Using fallback presentation compiler.[0m
2026.02.01 14:18:10 WARN  no build target for: C:\Users\erice\lth\EITA25\Datas-kerhet_G33\server.java[0m
2026.02.01 14:18:10 INFO  no build target found for C:\Users\erice\lth\EITA25\Datas-kerhet_G33\server.java. Using fallback presentation compiler.[0m
2026.02.01 14:18:10 INFO  no build target found for C:\Users\erice\lth\EITA25\Datas-kerhet_G33\server.java. Using fallback presentation compiler.[0m
2026.02.01 14:18:10 INFO  no build target found for C:\Users\erice\lth\EITA25\Datas-kerhet_G33\server.java. Using fallback presentation compiler.[0m
2026.02.01 14:18:19 INFO  no build target found for C:\Users\erice\lth\EITA25\Datas-kerhet_G33\server.java. Using fallback presentation compiler.[0m
2026.02.01 14:18:19 INFO  no build target found for C:\Users\erice\lth\EITA25\Datas-kerhet_G33\server.java. Using fallback presentation compiler.[0m
2026.02.01 14:18:20 INFO  no build target found for C:\Users\erice\lth\EITA25\Datas-kerhet_G33\server.java. Using fallback presentation compiler.[0m
2026.02.01 14:18:20 WARN  no build target for: C:\Users\erice\lth\EITA25\Datas-kerhet_G33\server.java[0m
2026.02.01 14:18:20 INFO  no build target found for C:\Users\erice\lth\EITA25\Datas-kerhet_G33\server.java. Using fallback presentation compiler.[0m
2026.02.01 14:18:21 INFO  no build target found for C:\Users\erice\lth\EITA25\Datas-kerhet_G33\server.java. Using fallback presentation compiler.[0m
2026.02.01 14:18:21 INFO  no build target found for C:\Users\erice\lth\EITA25\Datas-kerhet_G33\server.java. Using fallback presentation compiler.[0m
2026.02.01 14:18:22 WARN  no build target for: C:\Users\erice\lth\EITA25\Datas-kerhet_G33\server.java[0m
2026.02.01 14:18:22 INFO  no build target found for C:\Users\erice\lth\EITA25\Datas-kerhet_G33\server.java. Using fallback presentation compiler.[0m
2026.02.01 14:18:22 INFO  no build target found for C:\Users\erice\lth\EITA25\Datas-kerhet_G33\server.java. Using fallback presentation compiler.[0m
2026.02.01 14:18:22 INFO  no build target found for C:\Users\erice\lth\EITA25\Datas-kerhet_G33\server.java. Using fallback presentation compiler.[0m
2026.02.01 14:18:24 INFO  no build target found for C:\Users\erice\lth\EITA25\Datas-kerhet_G33\server.java. Using fallback presentation compiler.[0m
2026.02.01 14:18:24 WARN  no build target for: C:\Users\erice\lth\EITA25\Datas-kerhet_G33\server.java[0m
2026.02.01 14:18:24 INFO  no build target found for C:\Users\erice\lth\EITA25\Datas-kerhet_G33\server.java. Using fallback presentation compiler.[0m
2026.02.01 14:18:24 INFO  no build target found for C:\Users\erice\lth\EITA25\Datas-kerhet_G33\server.java. Using fallback presentation compiler.[0m
2026.02.01 14:18:26 INFO  no build target found for C:\Users\erice\lth\EITA25\Datas-kerhet_G33\server.java. Using fallback presentation compiler.[0m
2026.02.01 14:18:27 INFO  no build target found for C:\Users\erice\lth\EITA25\Datas-kerhet_G33\server.java. Using fallback presentation compiler.[0m
2026.02.01 14:18:27 INFO  no build target found for C:\Users\erice\lth\EITA25\Datas-kerhet_G33\server.java. Using fallback presentation compiler.[0m
2026.02.01 14:18:27 INFO  no build target found for C:\Users\erice\lth\EITA25\Datas-kerhet_G33\server.java. Using fallback presentation compiler.[0m
2026.02.01 14:18:28 INFO  no build target found for C:\Users\erice\lth\EITA25\Datas-kerhet_G33\server.java. Using fallback presentation compiler.[0m
2026.02.01 14:18:28 INFO  no build target found for C:\Users\erice\lth\EITA25\Datas-kerhet_G33\server.java. Using fallback presentation compiler.[0m
2026.02.01 14:18:28 INFO  no build target found for C:\Users\erice\lth\EITA25\Datas-kerhet_G33\server.java. Using fallback presentation compiler.[0m
2026.02.01 14:18:28 WARN  no build target for: C:\Users\erice\lth\EITA25\Datas-kerhet_G33\server.java[0m
2026.02.01 14:18:28 INFO  no build target found for C:\Users\erice\lth\EITA25\Datas-kerhet_G33\server.java. Using fallback presentation compiler.[0m
2026.02.01 14:18:29 INFO  no build target found for C:\Users\erice\lth\EITA25\Datas-kerhet_G33\server.java. Using fallback presentation compiler.[0m
2026.02.01 14:18:29 INFO  no build target found for C:\Users\erice\lth\EITA25\Datas-kerhet_G33\server.java. Using fallback presentation compiler.[0m
2026.02.01 14:18:35 WARN  no build target for: C:\Users\erice\lth\EITA25\Datas-kerhet_G33\client.java[0m
2026.02.01 14:18:35 INFO  no build target found for C:\Users\erice\lth\EITA25\Datas-kerhet_G33\client.java. Using fallback presentation compiler.[0m
2026.02.01 14:18:35 INFO  no build target found for C:\Users\erice\lth\EITA25\Datas-kerhet_G33\client.java. Using fallback presentation compiler.[0m
2026.02.01 14:18:37 INFO  no build target found for C:\Users\erice\lth\EITA25\Datas-kerhet_G33\client.java. Using fallback presentation compiler.[0m
2026.02.01 14:18:37 INFO  no build target found for C:\Users\erice\lth\EITA25\Datas-kerhet_G33\client.java. Using fallback presentation compiler.[0m
2026.02.01 14:18:37 INFO  no build target found for C:\Users\erice\lth\EITA25\Datas-kerhet_G33\client.java. Using fallback presentation compiler.[0m
2026.02.01 14:18:37 INFO  no build target found for C:\Users\erice\lth\EITA25\Datas-kerhet_G33\client.java. Using fallback presentation compiler.[0m
2026.02.01 14:18:38 WARN  no build target for: C:\Users\erice\lth\EITA25\Datas-kerhet_G33\client.java[0m
2026.02.01 14:18:38 INFO  no build target found for C:\Users\erice\lth\EITA25\Datas-kerhet_G33\client.java. Using fallback presentation compiler.[0m
2026.02.01 14:18:39 INFO  no build target found for C:\Users\erice\lth\EITA25\Datas-kerhet_G33\client.java. Using fallback presentation compiler.[0m
2026.02.01 14:18:39 INFO  no build target found for C:\Users\erice\lth\EITA25\Datas-kerhet_G33\client.java. Using fallback presentation compiler.[0m
2026.02.01 14:18:40 INFO  no build target found for C:\Users\erice\lth\EITA25\Datas-kerhet_G33\client.java. Using fallback presentation compiler.[0m
2026.02.01 14:18:41 WARN  no build target for: C:\Users\erice\lth\EITA25\Datas-kerhet_G33\client.java[0m
2026.02.01 14:18:40 INFO  no build target found for C:\Users\erice\lth\EITA25\Datas-kerhet_G33\client.java. Using fallback presentation compiler.[0m
2026.02.01 14:18:45 INFO  no build target found for C:\Users\erice\lth\EITA25\Datas-kerhet_G33\client.java. Using fallback presentation compiler.[0m
2026.02.01 14:18:45 INFO  no build target found for C:\Users\erice\lth\EITA25\Datas-kerhet_G33\client.java. Using fallback presentation compiler.[0m
2026.02.01 14:18:46 INFO  no build target found for C:\Users\erice\lth\EITA25\Datas-kerhet_G33\client.java. Using fallback presentation compiler.[0m
2026.02.01 14:18:45 INFO  no build target found for C:\Users\erice\lth\EITA25\Datas-kerhet_G33\client.java. Using fallback presentation compiler.[0m
2026.02.01 14:18:46 WARN  no build target for: C:\Users\erice\lth\EITA25\Datas-kerhet_G33\client.java[0m
2026.02.01 14:18:46 INFO  no build target found for C:\Users\erice\lth\EITA25\Datas-kerhet_G33\client.java. Using fallback presentation compiler.[0m
2026.02.01 14:18:47 INFO  no build target found for C:\Users\erice\lth\EITA25\Datas-kerhet_G33\client.java. Using fallback presentation compiler.[0m
2026.02.01 14:18:47 INFO  no build target found for C:\Users\erice\lth\EITA25\Datas-kerhet_G33\client.java. Using fallback presentation compiler.[0m
2026.02.01 14:18:48 INFO  no build target found for C:\Users\erice\lth\EITA25\Datas-kerhet_G33\client.java. Using fallback presentation compiler.[0m
2026.02.01 14:18:49 INFO  no build target found for C:\Users\erice\lth\EITA25\Datas-kerhet_G33\client.java. Using fallback presentation compiler.[0m
2026.02.01 14:18:49 INFO  no build target found for C:\Users\erice\lth\EITA25\Datas-kerhet_G33\client.java. Using fallback presentation compiler.[0m
2026.02.01 14:18:51 INFO  no build target found for C:\Users\erice\lth\EITA25\Datas-kerhet_G33\client.java. Using fallback presentation compiler.[0m
2026.02.01 14:18:51 INFO  no build target found for C:\Users\erice\lth\EITA25\Datas-kerhet_G33\client.java. Using fallback presentation compiler.[0m
2026.02.01 14:18:51 INFO  no build target found for C:\Users\erice\lth\EITA25\Datas-kerhet_G33\client.java. Using fallback presentation compiler.[0m
2026.02.01 14:18:51 INFO  no build target found for C:\Users\erice\lth\EITA25\Datas-kerhet_G33\client.java. Using fallback presentation compiler.[0m
2026.02.01 14:18:51 INFO  no build target found for C:\Users\erice\lth\EITA25\Datas-kerhet_G33\client.java. Using fallback presentation compiler.[0m
2026.02.01 14:18:52 INFO  no build target found for C:\Users\erice\lth\EITA25\Datas-kerhet_G33\client.java. Using fallback presentation compiler.[0m
2026.02.01 14:18:52 INFO  no build target found for C:\Users\erice\lth\EITA25\Datas-kerhet_G33\client.java. Using fallback presentation compiler.[0m
2026.02.01 14:18:52 WARN  no build target for: C:\Users\erice\lth\EITA25\Datas-kerhet_G33\client.java[0m
2026.02.01 14:18:52 INFO  no build target found for C:\Users\erice\lth\EITA25\Datas-kerhet_G33\client.java. Using fallback presentation compiler.[0m
2026.02.01 14:18:52 INFO  no build target found for C:\Users\erice\lth\EITA25\Datas-kerhet_G33\client.java. Using fallback presentation compiler.[0m
2026.02.01 14:18:53 INFO  no build target found for C:\Users\erice\lth\EITA25\Datas-kerhet_G33\client.java. Using fallback presentation compiler.[0m
2026.02.01 14:21:03 INFO  no build target found for C:\Users\erice\lth\EITA25\Datas-kerhet_G33\client.java. Using fallback presentation compiler.[0m
2026.02.01 15:14:44 INFO  Shutting down server[0m
2026.02.01 15:14:44 INFO  Memory monitor stopped[0m
2026.02.01 15:14:44 INFO  shutting down Metals[0m
2026.02.01 15:14:44 INFO  Exiting server[0m
2026.02.03 13:17:41 INFO  tracing is disabled for protocol LSP, to enable tracing of incoming and outgoing JSON messages create an empty file at c:\Users\erice\lth\EITA25\Datas-kerhet_G33\.metals\lsp.trace.json or C:\Users\erice\AppData\Local\scalameta\metals\cache\lsp.trace.json[0m
2026.02.03 13:17:43 INFO  logging to files C:\Users\erice\lth\EITA25\Datas-kerhet_G33\.metals\metals.log[0m
2026.02.03 13:17:43 INFO  Started: Metals version 1.6.5 in folders 'C:\Users\erice\lth\EITA25\Datas-kerhet_G33' for client Visual Studio Code 1.108.2.[0m
2026.02.03 13:17:43 INFO  Memory monitor started[0m
2026.02.03 13:17:45 WARN  Using H2 2.4.240 which is newer than the version Flyway has been verified with. The latest verified version of H2 is 2.3.232.[0m
2026.02.03 13:17:46 WARN  no build tool detected in workspace 'C:\Users\erice\lth\EITA25\Datas-kerhet_G33'. The most common cause for this problem is that the editor was opened in the wrong working directory, for example if you use sbt then the workspace directory should contain build.sbt. [0m
2026.02.03 13:17:46 WARN  Build server is not auto-connectable.[0m
2026.02.03 13:17:46 WARN  no build target for: C:\Users\erice\lth\EITA25\Datas-kerhet_G33\client.java[0m
2026.02.03 13:18:56 INFO  Shutting down server[0m
2026.02.03 13:18:56 INFO  Memory monitor stopped[0m
2026.02.03 13:18:56 INFO  shutting down Metals[0m
2026.02.03 13:18:56 INFO  Exiting server[0m
2026.02.03 13:19:26 INFO  Started: Metals version 1.6.5 in folders 'C:\Users\erice\lth\EITA25\Datas-kerhet_G33' for client Visual Studio Code 1.108.2.[0m
2026.02.03 13:19:26 INFO  Memory monitor started[0m
2026.02.03 13:19:29 WARN  Using H2 2.4.240 which is newer than the version Flyway has been verified with. The latest verified version of H2 is 2.3.232.[0m
2026.02.03 13:19:29 INFO  no build target found for C:\Users\erice\lth\EITA25\Datas-kerhet_G33\server.java. Using fallback presentation compiler.[0m
2026.02.03 13:19:30 INFO  no build target found for C:\Users\erice\lth\EITA25\Datas-kerhet_G33\server.java. Using fallback presentation compiler.[0m
2026.02.03 13:19:31 WARN  no build tool detected in workspace 'C:\Users\erice\lth\EITA25\Datas-kerhet_G33'. The most common cause for this problem is that the editor was opened in the wrong working directory, for example if you use sbt then the workspace directory should contain build.sbt. [0m
2026.02.03 13:19:31 WARN  Build server is not auto-connectable.[0m
2026.02.03 13:19:31 WARN  no build target for: C:\Users\erice\lth\EITA25\Datas-kerhet_G33\server.java[0m
2026.02.03 13:19:34 INFO  no build target found for C:\Users\erice\lth\EITA25\Datas-kerhet_G33\server.java. Using fallback presentation compiler.[0m
Feb 03, 2026 1:19:35 PM org.eclipse.lsp4j.jsonrpc.RemoteEndpoint handleCancellation
WARNING: Unmatched cancel notification for request id 2
2026.02.03 13:19:35 INFO  no build target found for C:\Users\erice\lth\EITA25\Datas-kerhet_G33\server.java. Using fallback presentation compiler.[0m
2026.02.03 13:19:37 INFO  no build target found for C:\Users\erice\lth\EITA25\Datas-kerhet_G33\server.java. Using fallback presentation compiler.[0m
Feb 03, 2026 1:19:38 PM org.eclipse.lsp4j.jsonrpc.RemoteEndpoint handleCancellation
WARNING: Unmatched cancel notification for request id 7
2026.02.03 13:19:38 INFO  no build target found for C:\Users\erice\lth\EITA25\Datas-kerhet_G33\server.java. Using fallback presentation compiler.[0m
2026.02.03 13:19:38 INFO  no build target found for C:\Users\erice\lth\EITA25\Datas-kerhet_G33\server.java. Using fallback presentation compiler.[0m
Feb 03, 2026 1:19:39 PM org.eclipse.lsp4j.jsonrpc.RemoteEndpoint handleCancellation
WARNING: Unmatched cancel notification for request id 8
2026.02.03 13:19:38 INFO  no build target found for C:\Users\erice\lth\EITA25\Datas-kerhet_G33\server.java. Using fallback presentation compiler.[0m
2026.02.03 13:19:39 INFO  no build target found for C:\Users\erice\lth\EITA25\Datas-kerhet_G33\server.java. Using fallback presentation compiler.[0m
2026.02.03 13:19:39 INFO  no build target found for C:\Users\erice\lth\EITA25\Datas-kerhet_G33\server.java. Using fallback presentation compiler.[0m
Feb 03, 2026 1:19:40 PM org.eclipse.lsp4j.jsonrpc.RemoteEndpoint handleCancellation
WARNING: Unmatched cancel notification for request id 13
2026.02.03 13:19:39 INFO  no build target found for C:\Users\erice\lth\EITA25\Datas-kerhet_G33\server.java. Using fallback presentation compiler.[0m
Feb 03, 2026 1:19:40 PM org.eclipse.lsp4j.jsonrpc.RemoteEndpoint handleCancellation
WARNING: Unmatched cancel notification for request id 15
2026.02.03 13:19:39 INFO  no build target found for C:\Users\erice\lth\EITA25\Datas-kerhet_G33\server.java. Using fallback presentation compiler.[0m
Feb 03, 2026 1:19:41 PM org.eclipse.lsp4j.jsonrpc.RemoteEndpoint handleCancellation
WARNING: Unmatched cancel notification for request id 17
2026.02.03 13:19:41 INFO  no build target found for C:\Users\erice\lth\EITA25\Datas-kerhet_G33\server.java. Using fallback presentation compiler.[0m
Feb 03, 2026 1:19:41 PM org.eclipse.lsp4j.jsonrpc.RemoteEndpoint handleCancellation
WARNING: Unmatched cancel notification for request id 18
2026.02.03 13:19:41 INFO  no build target found for C:\Users\erice\lth\EITA25\Datas-kerhet_G33\server.java. Using fallback presentation compiler.[0m
2026.02.03 13:19:41 INFO  no build target found for C:\Users\erice\lth\EITA25\Datas-kerhet_G33\server.java. Using fallback presentation compiler.[0m
2026.02.03 13:19:41 INFO  no build target found for C:\Users\erice\lth\EITA25\Datas-kerhet_G33\server.java. Using fallback presentation compiler.[0m
Feb 03, 2026 1:19:42 PM org.eclipse.lsp4j.jsonrpc.RemoteEndpoint handleCancellation
WARNING: Unmatched cancel notification for request id 19
Feb 03, 2026 1:19:42 PM org.eclipse.lsp4j.jsonrpc.RemoteEndpoint handleCancellation
WARNING: Unmatched cancel notification for request id 20
2026.02.03 13:19:42 INFO  no build target found for C:\Users\erice\lth\EITA25\Datas-kerhet_G33\server.java. Using fallback presentation compiler.[0m
2026.02.03 13:19:42 INFO  no build target found for C:\Users\erice\lth\EITA25\Datas-kerhet_G33\server.java. Using fallback presentation compiler.[0m
2026.02.03 13:19:44 INFO  no build target found for C:\Users\erice\lth\EITA25\Datas-kerhet_G33\server.java. Using fallback presentation compiler.[0m
2026.02.03 13:19:47 INFO  no build target found for C:\Users\erice\lth\EITA25\Datas-kerhet_G33\server.java. Using fallback presentation compiler.[0m
2026.02.03 13:20:22 INFO  no build target found for C:\Users\erice\lth\EITA25\Datas-kerhet_G33\server.java. Using fallback presentation compiler.[0m
2026.02.03 13:20:32 INFO  no build target found for C:\Users\erice\lth\EITA25\Datas-kerhet_G33\server.java. Using fallback presentation compiler.[0m
2026.02.03 13:20:58 WARN  no build target for: C:\Users\erice\lth\EITA25\Datas-kerhet_G33\client.java[0m
2026.02.03 13:20:58 INFO  no build target found for C:\Users\erice\lth\EITA25\Datas-kerhet_G33\client.java. Using fallback presentation compiler.[0m
2026.02.03 13:20:58 INFO  no build target found for C:\Users\erice\lth\EITA25\Datas-kerhet_G33\client.java. Using fallback presentation compiler.[0m
Feb 03, 2026 1:20:58 PM org.eclipse.lsp4j.jsonrpc.RemoteEndpoint handleCancellation
WARNING: Unmatched cancel notification for request id 34
2026.02.03 13:20:58 INFO  no build target found for C:\Users\erice\lth\EITA25\Datas-kerhet_G33\client.java. Using fallback presentation compiler.[0m
2026.02.03 13:20:59 INFO  no build target found for C:\Users\erice\lth\EITA25\Datas-kerhet_G33\client.java. Using fallback presentation compiler.[0m
2026.02.03 13:21:04 INFO  no build target found for C:\Users\erice\lth\EITA25\Datas-kerhet_G33\client.java. Using fallback presentation compiler.[0m
2026.02.03 13:23:08 INFO  no build target found for C:\Users\erice\lth\EITA25\Datas-kerhet_G33\client.java. Using fallback presentation compiler.[0m
2026.02.03 13:23:16 INFO  no build target found for C:\Users\erice\lth\EITA25\Datas-kerhet_G33\client.java. Using fallback presentation compiler.[0m
Feb 03, 2026 1:50:20 PM org.eclipse.lsp4j.jsonrpc.RemoteEndpoint handleNotification
WARNING: Notification threw an exception: {
  "jsonrpc": "2.0",
  "method": "metals/didFocusTextDocument",
  "params": [
    "class:/c%3A/Users/erice/lth/EITA25/Datas-kerhet_G33/server.class"
  ]
}
java.nio.file.FileSystemNotFoundException: Provider "class" not installed
	at java.base/java.nio.file.Path.of(Path.java:212)
	at java.base/java.nio.file.Paths.get(Paths.java:98)
	at scala.meta.internal.mtags.MtagsEnrichments$XtensionURIMtags.toAbsolutePath(MtagsEnrichments.scala:149)
	at scala.meta.internal.mtags.MtagsEnrichments$XtensionStringMtags.toAbsolutePath(MtagsEnrichments.scala:209)
	at scala.meta.internal.metals.MetalsEnrichments$XtensionString.toAbsolutePath(MetalsEnrichments.scala:778)
	at scala.meta.internal.metals.MetalsEnrichments$XtensionString.toAbsolutePath(MetalsEnrichments.scala:775)
	at scala.meta.internal.metals.WorkspaceLspService.didFocus(WorkspaceLspService.scala:808)
	at scala.meta.metals.lsp.DelegatingScalaService.didFocus(DelegatingScalaService.scala:42)
	at java.base/jdk.internal.reflect.NativeMethodAccessorImpl.invoke0(Native Method)
	at java.base/jdk.internal.reflect.NativeMethodAccessorImpl.invoke(NativeMethodAccessorImpl.java:77)
	at java.base/jdk.internal.reflect.DelegatingMethodAccessorImpl.invoke(DelegatingMethodAccessorImpl.java:43)
	at java.base/java.lang.reflect.Method.invoke(Method.java:568)
	at org.eclipse.lsp4j.jsonrpc.services.GenericEndpoint.lambda$recursiveFindRpcMethods$0(GenericEndpoint.java:65)
	at org.eclipse.lsp4j.jsonrpc.services.GenericEndpoint.notify(GenericEndpoint.java:160)
	at org.eclipse.lsp4j.jsonrpc.RemoteEndpoint.handleNotification(RemoteEndpoint.java:231)
	at org.eclipse.lsp4j.jsonrpc.RemoteEndpoint.consume(RemoteEndpoint.java:198)
	at org.eclipse.lsp4j.jsonrpc.json.StreamMessageProducer.handleMessage(StreamMessageProducer.java:185)
	at org.eclipse.lsp4j.jsonrpc.json.StreamMessageProducer.listen(StreamMessageProducer.java:97)
	at org.eclipse.lsp4j.jsonrpc.json.ConcurrentMessageProcessor.run(ConcurrentMessageProcessor.java:114)
	at java.base/java.util.concurrent.Executors$RunnableAdapter.call(Executors.java:539)
	at java.base/java.util.concurrent.FutureTask.run(FutureTask.java:264)
	at java.base/java.util.concurrent.ThreadPoolExecutor.runWorker(ThreadPoolExecutor.java:1136)
	at java.base/java.util.concurrent.ThreadPoolExecutor$Worker.run(ThreadPoolExecutor.java:635)
	at java.base/java.lang.Thread.run(Thread.java:833)

Feb 03, 2026 1:50:21 PM org.eclipse.lsp4j.jsonrpc.RemoteEndpoint handleNotification
WARNING: Notification threw an exception: {
  "jsonrpc": "2.0",
  "method": "metals/didFocusTextDocument",
  "params": [
    "class:/c%3A/Users/erice/lth/EITA25/Datas-kerhet_G33/server.class"
  ]
}
java.nio.file.FileSystemNotFoundException: Provider "class" not installed
	at java.base/java.nio.file.Path.of(Path.java:212)
	at java.base/java.nio.file.Paths.get(Paths.java:98)
	at scala.meta.internal.mtags.MtagsEnrichments$XtensionURIMtags.toAbsolutePath(MtagsEnrichments.scala:149)
	at scala.meta.internal.mtags.MtagsEnrichments$XtensionStringMtags.toAbsolutePath(MtagsEnrichments.scala:209)
	at scala.meta.internal.metals.MetalsEnrichments$XtensionString.toAbsolutePath(MetalsEnrichments.scala:778)
	at scala.meta.internal.metals.MetalsEnrichments$XtensionString.toAbsolutePath(MetalsEnrichments.scala:775)
	at scala.meta.internal.metals.WorkspaceLspService.didFocus(WorkspaceLspService.scala:808)
	at scala.meta.metals.lsp.DelegatingScalaService.didFocus(DelegatingScalaService.scala:42)
	at java.base/jdk.internal.reflect.NativeMethodAccessorImpl.invoke0(Native Method)
	at java.base/jdk.internal.reflect.NativeMethodAccessorImpl.invoke(NativeMethodAccessorImpl.java:77)
	at java.base/jdk.internal.reflect.DelegatingMethodAccessorImpl.invoke(DelegatingMethodAccessorImpl.java:43)
	at java.base/java.lang.reflect.Method.invoke(Method.java:568)
	at org.eclipse.lsp4j.jsonrpc.services.GenericEndpoint.lambda$recursiveFindRpcMethods$0(GenericEndpoint.java:65)
	at org.eclipse.lsp4j.jsonrpc.services.GenericEndpoint.notify(GenericEndpoint.java:160)
	at org.eclipse.lsp4j.jsonrpc.RemoteEndpoint.handleNotification(RemoteEndpoint.java:231)
	at org.eclipse.lsp4j.jsonrpc.RemoteEndpoint.consume(RemoteEndpoint.java:198)
	at org.eclipse.lsp4j.jsonrpc.json.StreamMessageProducer.handleMessage(StreamMessageProducer.java:185)
	at org.eclipse.lsp4j.jsonrpc.json.StreamMessageProducer.listen(StreamMessageProducer.java:97)
	at org.eclipse.lsp4j.jsonrpc.json.ConcurrentMessageProcessor.run(ConcurrentMessageProcessor.java:114)
	at java.base/java.util.concurrent.Executors$RunnableAdapter.call(Executors.java:539)
	at java.base/java.util.concurrent.FutureTask.run(FutureTask.java:264)
	at java.base/java.util.concurrent.ThreadPoolExecutor.runWorker(ThreadPoolExecutor.java:1136)
	at java.base/java.util.concurrent.ThreadPoolExecutor$Worker.run(ThreadPoolExecutor.java:635)
	at java.base/java.lang.Thread.run(Thread.java:833)

Feb 03, 2026 1:50:23 PM org.eclipse.lsp4j.jsonrpc.RemoteEndpoint handleNotification
WARNING: Notification threw an exception: {
  "jsonrpc": "2.0",
  "method": "metals/didFocusTextDocument",
  "params": [
    "class:/c%3A/Users/erice/lth/EITA25/Datas-kerhet_G33/server.class"
  ]
}
java.nio.file.FileSystemNotFoundException: Provider "class" not installed
	at java.base/java.nio.file.Path.of(Path.java:212)
	at java.base/java.nio.file.Paths.get(Paths.java:98)
	at scala.meta.internal.mtags.MtagsEnrichments$XtensionURIMtags.toAbsolutePath(MtagsEnrichments.scala:149)
	at scala.meta.internal.mtags.MtagsEnrichments$XtensionStringMtags.toAbsolutePath(MtagsEnrichments.scala:209)
	at scala.meta.internal.metals.MetalsEnrichments$XtensionString.toAbsolutePath(MetalsEnrichments.scala:778)
	at scala.meta.internal.metals.MetalsEnrichments$XtensionString.toAbsolutePath(MetalsEnrichments.scala:775)
	at scala.meta.internal.metals.WorkspaceLspService.didFocus(WorkspaceLspService.scala:808)
	at scala.meta.metals.lsp.DelegatingScalaService.didFocus(DelegatingScalaService.scala:42)
	at java.base/jdk.internal.reflect.NativeMethodAccessorImpl.invoke0(Native Method)
	at java.base/jdk.internal.reflect.NativeMethodAccessorImpl.invoke(NativeMethodAccessorImpl.java:77)
	at java.base/jdk.internal.reflect.DelegatingMethodAccessorImpl.invoke(DelegatingMethodAccessorImpl.java:43)
	at java.base/java.lang.reflect.Method.invoke(Method.java:568)
	at org.eclipse.lsp4j.jsonrpc.services.GenericEndpoint.lambda$recursiveFindRpcMethods$0(GenericEndpoint.java:65)
	at org.eclipse.lsp4j.jsonrpc.services.GenericEndpoint.notify(GenericEndpoint.java:160)
	at org.eclipse.lsp4j.jsonrpc.RemoteEndpoint.handleNotification(RemoteEndpoint.java:231)
	at org.eclipse.lsp4j.jsonrpc.RemoteEndpoint.consume(RemoteEndpoint.java:198)
	at org.eclipse.lsp4j.jsonrpc.json.StreamMessageProducer.handleMessage(StreamMessageProducer.java:185)
	at org.eclipse.lsp4j.jsonrpc.json.StreamMessageProducer.listen(StreamMessageProducer.java:97)
	at org.eclipse.lsp4j.jsonrpc.json.ConcurrentMessageProcessor.run(ConcurrentMessageProcessor.java:114)
	at java.base/java.util.concurrent.Executors$RunnableAdapter.call(Executors.java:539)
	at java.base/java.util.concurrent.FutureTask.run(FutureTask.java:264)
	at java.base/java.util.concurrent.ThreadPoolExecutor.runWorker(ThreadPoolExecutor.java:1136)
	at java.base/java.util.concurrent.ThreadPoolExecutor$Worker.run(ThreadPoolExecutor.java:635)
	at java.base/java.lang.Thread.run(Thread.java:833)

Feb 03, 2026 1:50:25 PM org.eclipse.lsp4j.jsonrpc.RemoteEndpoint handleNotification
WARNING: Notification threw an exception: {
  "jsonrpc": "2.0",
  "method": "metals/didFocusTextDocument",
  "params": [
    "class:/c%3A/Users/erice/lth/EITA25/Datas-kerhet_G33/server.class"
  ]
}
java.nio.file.FileSystemNotFoundException: Provider "class" not installed
	at java.base/java.nio.file.Path.of(Path.java:212)
	at java.base/java.nio.file.Paths.get(Paths.java:98)
	at scala.meta.internal.mtags.MtagsEnrichments$XtensionURIMtags.toAbsolutePath(MtagsEnrichments.scala:149)
	at scala.meta.internal.mtags.MtagsEnrichments$XtensionStringMtags.toAbsolutePath(MtagsEnrichments.scala:209)
	at scala.meta.internal.metals.MetalsEnrichments$XtensionString.toAbsolutePath(MetalsEnrichments.scala:778)
	at scala.meta.internal.metals.MetalsEnrichments$XtensionString.toAbsolutePath(MetalsEnrichments.scala:775)
	at scala.meta.internal.metals.WorkspaceLspService.didFocus(WorkspaceLspService.scala:808)
	at scala.meta.metals.lsp.DelegatingScalaService.didFocus(DelegatingScalaService.scala:42)
	at java.base/jdk.internal.reflect.NativeMethodAccessorImpl.invoke0(Native Method)
	at java.base/jdk.internal.reflect.NativeMethodAccessorImpl.invoke(NativeMethodAccessorImpl.java:77)
	at java.base/jdk.internal.reflect.DelegatingMethodAccessorImpl.invoke(DelegatingMethodAccessorImpl.java:43)
	at java.base/java.lang.reflect.Method.invoke(Method.java:568)
	at org.eclipse.lsp4j.jsonrpc.services.GenericEndpoint.lambda$recursiveFindRpcMethods$0(GenericEndpoint.java:65)
	at org.eclipse.lsp4j.jsonrpc.services.GenericEndpoint.notify(GenericEndpoint.java:160)
	at org.eclipse.lsp4j.jsonrpc.RemoteEndpoint.handleNotification(RemoteEndpoint.java:231)
	at org.eclipse.lsp4j.jsonrpc.RemoteEndpoint.consume(RemoteEndpoint.java:198)
	at org.eclipse.lsp4j.jsonrpc.json.StreamMessageProducer.handleMessage(StreamMessageProducer.java:185)
	at org.eclipse.lsp4j.jsonrpc.json.StreamMessageProducer.listen(StreamMessageProducer.java:97)
	at org.eclipse.lsp4j.jsonrpc.json.ConcurrentMessageProcessor.run(ConcurrentMessageProcessor.java:114)
	at java.base/java.util.concurrent.Executors$RunnableAdapter.call(Executors.java:539)
	at java.base/java.util.concurrent.FutureTask.run(FutureTask.java:264)
	at java.base/java.util.concurrent.ThreadPoolExecutor.runWorker(ThreadPoolExecutor.java:1136)
	at java.base/java.util.concurrent.ThreadPoolExecutor$Worker.run(ThreadPoolExecutor.java:635)
	at java.base/java.lang.Thread.run(Thread.java:833)

Feb 03, 2026 1:50:54 PM org.eclipse.lsp4j.jsonrpc.RemoteEndpoint handleNotification
WARNING: Notification threw an exception: {
  "jsonrpc": "2.0",
  "method": "metals/didFocusTextDocument",
  "params": [
    "class:/c%3A/Users/erice/lth/EITA25/Datas-kerhet_G33/server.class"
  ]
}
java.nio.file.FileSystemNotFoundException: Provider "class" not installed
	at java.base/java.nio.file.Path.of(Path.java:212)
	at java.base/java.nio.file.Paths.get(Paths.java:98)
	at scala.meta.internal.mtags.MtagsEnrichments$XtensionURIMtags.toAbsolutePath(MtagsEnrichments.scala:149)
	at scala.meta.internal.mtags.MtagsEnrichments$XtensionStringMtags.toAbsolutePath(MtagsEnrichments.scala:209)
	at scala.meta.internal.metals.MetalsEnrichments$XtensionString.toAbsolutePath(MetalsEnrichments.scala:778)
	at scala.meta.internal.metals.MetalsEnrichments$XtensionString.toAbsolutePath(MetalsEnrichments.scala:775)
	at scala.meta.internal.metals.WorkspaceLspService.didFocus(WorkspaceLspService.scala:808)
	at scala.meta.metals.lsp.DelegatingScalaService.didFocus(DelegatingScalaService.scala:42)
	at java.base/jdk.internal.reflect.NativeMethodAccessorImpl.invoke0(Native Method)
	at java.base/jdk.internal.reflect.NativeMethodAccessorImpl.invoke(NativeMethodAccessorImpl.java:77)
	at java.base/jdk.internal.reflect.DelegatingMethodAccessorImpl.invoke(DelegatingMethodAccessorImpl.java:43)
	at java.base/java.lang.reflect.Method.invoke(Method.java:568)
	at org.eclipse.lsp4j.jsonrpc.services.GenericEndpoint.lambda$recursiveFindRpcMethods$0(GenericEndpoint.java:65)
	at org.eclipse.lsp4j.jsonrpc.services.GenericEndpoint.notify(GenericEndpoint.java:160)
	at org.eclipse.lsp4j.jsonrpc.RemoteEndpoint.handleNotification(RemoteEndpoint.java:231)
	at org.eclipse.lsp4j.jsonrpc.RemoteEndpoint.consume(RemoteEndpoint.java:198)
	at org.eclipse.lsp4j.jsonrpc.json.StreamMessageProducer.handleMessage(StreamMessageProducer.java:185)
	at org.eclipse.lsp4j.jsonrpc.json.StreamMessageProducer.listen(StreamMessageProducer.java:97)
	at org.eclipse.lsp4j.jsonrpc.json.ConcurrentMessageProcessor.run(ConcurrentMessageProcessor.java:114)
	at java.base/java.util.concurrent.Executors$RunnableAdapter.call(Executors.java:539)
	at java.base/java.util.concurrent.FutureTask.run(FutureTask.java:264)
	at java.base/java.util.concurrent.ThreadPoolExecutor.runWorker(ThreadPoolExecutor.java:1136)
	at java.base/java.util.concurrent.ThreadPoolExecutor$Worker.run(ThreadPoolExecutor.java:635)
	at java.base/java.lang.Thread.run(Thread.java:833)

Feb 03, 2026 1:50:56 PM org.eclipse.lsp4j.jsonrpc.RemoteEndpoint handleNotification
WARNING: Notification threw an exception: {
  "jsonrpc": "2.0",
  "method": "metals/didFocusTextDocument",
  "params": [
    "class:/c%3A/Users/erice/lth/EITA25/Datas-kerhet_G33/server.class"
  ]
}
java.nio.file.FileSystemNotFoundException: Provider "class" not installed
	at java.base/java.nio.file.Path.of(Path.java:212)
	at java.base/java.nio.file.Paths.get(Paths.java:98)
	at scala.meta.internal.mtags.MtagsEnrichments$XtensionURIMtags.toAbsolutePath(MtagsEnrichments.scala:149)
	at scala.meta.internal.mtags.MtagsEnrichments$XtensionStringMtags.toAbsolutePath(MtagsEnrichments.scala:209)
	at scala.meta.internal.metals.MetalsEnrichments$XtensionString.toAbsolutePath(MetalsEnrichments.scala:778)
	at scala.meta.internal.metals.MetalsEnrichments$XtensionString.toAbsolutePath(MetalsEnrichments.scala:775)
	at scala.meta.internal.metals.WorkspaceLspService.didFocus(WorkspaceLspService.scala:808)
	at scala.meta.metals.lsp.DelegatingScalaService.didFocus(DelegatingScalaService.scala:42)
	at java.base/jdk.internal.reflect.NativeMethodAccessorImpl.invoke0(Native Method)
	at java.base/jdk.internal.reflect.NativeMethodAccessorImpl.invoke(NativeMethodAccessorImpl.java:77)
	at java.base/jdk.internal.reflect.DelegatingMethodAccessorImpl.invoke(DelegatingMethodAccessorImpl.java:43)
	at java.base/java.lang.reflect.Method.invoke(Method.java:568)
	at org.eclipse.lsp4j.jsonrpc.services.GenericEndpoint.lambda$recursiveFindRpcMethods$0(GenericEndpoint.java:65)
	at org.eclipse.lsp4j.jsonrpc.services.GenericEndpoint.notify(GenericEndpoint.java:160)
	at org.eclipse.lsp4j.jsonrpc.RemoteEndpoint.handleNotification(RemoteEndpoint.java:231)
	at org.eclipse.lsp4j.jsonrpc.RemoteEndpoint.consume(RemoteEndpoint.java:198)
	at org.eclipse.lsp4j.jsonrpc.json.StreamMessageProducer.handleMessage(StreamMessageProducer.java:185)
	at org.eclipse.lsp4j.jsonrpc.json.StreamMessageProducer.listen(StreamMessageProducer.java:97)
	at org.eclipse.lsp4j.jsonrpc.json.ConcurrentMessageProcessor.run(ConcurrentMessageProcessor.java:114)
	at java.base/java.util.concurrent.Executors$RunnableAdapter.call(Executors.java:539)
	at java.base/java.util.concurrent.FutureTask.run(FutureTask.java:264)
	at java.base/java.util.concurrent.ThreadPoolExecutor.runWorker(ThreadPoolExecutor.java:1136)
	at java.base/java.util.concurrent.ThreadPoolExecutor$Worker.run(ThreadPoolExecutor.java:635)
	at java.base/java.lang.Thread.run(Thread.java:833)

Feb 03, 2026 1:50:59 PM org.eclipse.lsp4j.jsonrpc.RemoteEndpoint handleNotification
WARNING: Notification threw an exception: {
  "jsonrpc": "2.0",
  "method": "metals/didFocusTextDocument",
  "params": [
    "class:/c%3A/Users/erice/lth/EITA25/Datas-kerhet_G33/server.class"
  ]
}
java.nio.file.FileSystemNotFoundException: Provider "class" not installed
	at java.base/java.nio.file.Path.of(Path.java:212)
	at java.base/java.nio.file.Paths.get(Paths.java:98)
	at scala.meta.internal.mtags.MtagsEnrichments$XtensionURIMtags.toAbsolutePath(MtagsEnrichments.scala:149)
	at scala.meta.internal.mtags.MtagsEnrichments$XtensionStringMtags.toAbsolutePath(MtagsEnrichments.scala:209)
	at scala.meta.internal.metals.MetalsEnrichments$XtensionString.toAbsolutePath(MetalsEnrichments.scala:778)
	at scala.meta.internal.metals.MetalsEnrichments$XtensionString.toAbsolutePath(MetalsEnrichments.scala:775)
	at scala.meta.internal.metals.WorkspaceLspService.didFocus(WorkspaceLspService.scala:808)
	at scala.meta.metals.lsp.DelegatingScalaService.didFocus(DelegatingScalaService.scala:42)
	at java.base/jdk.internal.reflect.NativeMethodAccessorImpl.invoke0(Native Method)
	at java.base/jdk.internal.reflect.NativeMethodAccessorImpl.invoke(NativeMethodAccessorImpl.java:77)
	at java.base/jdk.internal.reflect.DelegatingMethodAccessorImpl.invoke(DelegatingMethodAccessorImpl.java:43)
	at java.base/java.lang.reflect.Method.invoke(Method.java:568)
	at org.eclipse.lsp4j.jsonrpc.services.GenericEndpoint.lambda$recursiveFindRpcMethods$0(GenericEndpoint.java:65)
	at org.eclipse.lsp4j.jsonrpc.services.GenericEndpoint.notify(GenericEndpoint.java:160)
	at org.eclipse.lsp4j.jsonrpc.RemoteEndpoint.handleNotification(RemoteEndpoint.java:231)
	at org.eclipse.lsp4j.jsonrpc.RemoteEndpoint.consume(RemoteEndpoint.java:198)
	at org.eclipse.lsp4j.jsonrpc.json.StreamMessageProducer.handleMessage(StreamMessageProducer.java:185)
	at org.eclipse.lsp4j.jsonrpc.json.StreamMessageProducer.listen(StreamMessageProducer.java:97)
	at org.eclipse.lsp4j.jsonrpc.json.ConcurrentMessageProcessor.run(ConcurrentMessageProcessor.java:114)
	at java.base/java.util.concurrent.Executors$RunnableAdapter.call(Executors.java:539)
	at java.base/java.util.concurrent.FutureTask.run(FutureTask.java:264)
	at java.base/java.util.concurrent.ThreadPoolExecutor.runWorker(ThreadPoolExecutor.java:1136)
	at java.base/java.util.concurrent.ThreadPoolExecutor$Worker.run(ThreadPoolExecutor.java:635)
	at java.base/java.lang.Thread.run(Thread.java:833)

Feb 03, 2026 1:51:03 PM org.eclipse.lsp4j.jsonrpc.RemoteEndpoint handleNotification
WARNING: Notification threw an exception: {
  "jsonrpc": "2.0",
  "method": "metals/didFocusTextDocument",
  "params": [
    "class:/c%3A/Users/erice/lth/EITA25/Datas-kerhet_G33/server.class"
  ]
}
java.nio.file.FileSystemNotFoundException: Provider "class" not installed
	at java.base/java.nio.file.Path.of(Path.java:212)
	at java.base/java.nio.file.Paths.get(Paths.java:98)
	at scala.meta.internal.mtags.MtagsEnrichments$XtensionURIMtags.toAbsolutePath(MtagsEnrichments.scala:149)
	at scala.meta.internal.mtags.MtagsEnrichments$XtensionStringMtags.toAbsolutePath(MtagsEnrichments.scala:209)
	at scala.meta.internal.metals.MetalsEnrichments$XtensionString.toAbsolutePath(MetalsEnrichments.scala:778)
	at scala.meta.internal.metals.MetalsEnrichments$XtensionString.toAbsolutePath(MetalsEnrichments.scala:775)
	at scala.meta.internal.metals.WorkspaceLspService.didFocus(WorkspaceLspService.scala:808)
	at scala.meta.metals.lsp.DelegatingScalaService.didFocus(DelegatingScalaService.scala:42)
	at java.base/jdk.internal.reflect.NativeMethodAccessorImpl.invoke0(Native Method)
	at java.base/jdk.internal.reflect.NativeMethodAccessorImpl.invoke(NativeMethodAccessorImpl.java:77)
	at java.base/jdk.internal.reflect.DelegatingMethodAccessorImpl.invoke(DelegatingMethodAccessorImpl.java:43)
	at java.base/java.lang.reflect.Method.invoke(Method.java:568)
	at org.eclipse.lsp4j.jsonrpc.services.GenericEndpoint.lambda$recursiveFindRpcMethods$0(GenericEndpoint.java:65)
	at org.eclipse.lsp4j.jsonrpc.services.GenericEndpoint.notify(GenericEndpoint.java:160)
	at org.eclipse.lsp4j.jsonrpc.RemoteEndpoint.handleNotification(RemoteEndpoint.java:231)
	at org.eclipse.lsp4j.jsonrpc.RemoteEndpoint.consume(RemoteEndpoint.java:198)
	at org.eclipse.lsp4j.jsonrpc.json.StreamMessageProducer.handleMessage(StreamMessageProducer.java:185)
	at org.eclipse.lsp4j.jsonrpc.json.StreamMessageProducer.listen(StreamMessageProducer.java:97)
	at org.eclipse.lsp4j.jsonrpc.json.ConcurrentMessageProcessor.run(ConcurrentMessageProcessor.java:114)
	at java.base/java.util.concurrent.Executors$RunnableAdapter.call(Executors.java:539)
	at java.base/java.util.concurrent.FutureTask.run(FutureTask.java:264)
	at java.base/java.util.concurrent.ThreadPoolExecutor.runWorker(ThreadPoolExecutor.java:1136)
	at java.base/java.util.concurrent.ThreadPoolExecutor$Worker.run(ThreadPoolExecutor.java:635)
	at java.base/java.lang.Thread.run(Thread.java:833)

Feb 03, 2026 1:51:04 PM org.eclipse.lsp4j.jsonrpc.RemoteEndpoint handleNotification
WARNING: Notification threw an exception: {
  "jsonrpc": "2.0",
  "method": "metals/didFocusTextDocument",
  "params": [
    "class:/c%3A/Users/erice/lth/EITA25/Datas-kerhet_G33/server.class"
  ]
}
java.nio.file.FileSystemNotFoundException: Provider "class" not installed
	at java.base/java.nio.file.Path.of(Path.java:212)
	at java.base/java.nio.file.Paths.get(Paths.java:98)
	at scala.meta.internal.mtags.MtagsEnrichments$XtensionURIMtags.toAbsolutePath(MtagsEnrichments.scala:149)
	at scala.meta.internal.mtags.MtagsEnrichments$XtensionStringMtags.toAbsolutePath(MtagsEnrichments.scala:209)
	at scala.meta.internal.metals.MetalsEnrichments$XtensionString.toAbsolutePath(MetalsEnrichments.scala:778)
	at scala.meta.internal.metals.MetalsEnrichments$XtensionString.toAbsolutePath(MetalsEnrichments.scala:775)
	at scala.meta.internal.metals.WorkspaceLspService.didFocus(WorkspaceLspService.scala:808)
	at scala.meta.metals.lsp.DelegatingScalaService.didFocus(DelegatingScalaService.scala:42)
	at java.base/jdk.internal.reflect.NativeMethodAccessorImpl.invoke0(Native Method)
	at java.base/jdk.internal.reflect.NativeMethodAccessorImpl.invoke(NativeMethodAccessorImpl.java:77)
	at java.base/jdk.internal.reflect.DelegatingMethodAccessorImpl.invoke(DelegatingMethodAccessorImpl.java:43)
	at java.base/java.lang.reflect.Method.invoke(Method.java:568)
	at org.eclipse.lsp4j.jsonrpc.services.GenericEndpoint.lambda$recursiveFindRpcMethods$0(GenericEndpoint.java:65)
	at org.eclipse.lsp4j.jsonrpc.services.GenericEndpoint.notify(GenericEndpoint.java:160)
	at org.eclipse.lsp4j.jsonrpc.RemoteEndpoint.handleNotification(RemoteEndpoint.java:231)
	at org.eclipse.lsp4j.jsonrpc.RemoteEndpoint.consume(RemoteEndpoint.java:198)
	at org.eclipse.lsp4j.jsonrpc.json.StreamMessageProducer.handleMessage(StreamMessageProducer.java:185)
	at org.eclipse.lsp4j.jsonrpc.json.StreamMessageProducer.listen(StreamMessageProducer.java:97)
	at org.eclipse.lsp4j.jsonrpc.json.ConcurrentMessageProcessor.run(ConcurrentMessageProcessor.java:114)
	at java.base/java.util.concurrent.Executors$RunnableAdapter.call(Executors.java:539)
	at java.base/java.util.concurrent.FutureTask.run(FutureTask.java:264)
	at java.base/java.util.concurrent.ThreadPoolExecutor.runWorker(ThreadPoolExecutor.java:1136)
	at java.base/java.util.concurrent.ThreadPoolExecutor$Worker.run(ThreadPoolExecutor.java:635)
	at java.base/java.lang.Thread.run(Thread.java:833)

Feb 03, 2026 1:51:06 PM org.eclipse.lsp4j.jsonrpc.RemoteEndpoint handleNotification
WARNING: Notification threw an exception: {
  "jsonrpc": "2.0",
  "method": "metals/didFocusTextDocument",
  "params": [
    "class:/c%3A/Users/erice/lth/EITA25/Datas-kerhet_G33/server.class"
  ]
}
java.nio.file.FileSystemNotFoundException: Provider "class" not installed
	at java.base/java.nio.file.Path.of(Path.java:212)
	at java.base/java.nio.file.Paths.get(Paths.java:98)
	at scala.meta.internal.mtags.MtagsEnrichments$XtensionURIMtags.toAbsolutePath(MtagsEnrichments.scala:149)
	at scala.meta.internal.mtags.MtagsEnrichments$XtensionStringMtags.toAbsolutePath(MtagsEnrichments.scala:209)
	at scala.meta.internal.metals.MetalsEnrichments$XtensionString.toAbsolutePath(MetalsEnrichments.scala:778)
	at scala.meta.internal.metals.MetalsEnrichments$XtensionString.toAbsolutePath(MetalsEnrichments.scala:775)
	at scala.meta.internal.metals.WorkspaceLspService.didFocus(WorkspaceLspService.scala:808)
	at scala.meta.metals.lsp.DelegatingScalaService.didFocus(DelegatingScalaService.scala:42)
	at java.base/jdk.internal.reflect.NativeMethodAccessorImpl.invoke0(Native Method)
	at java.base/jdk.internal.reflect.NativeMethodAccessorImpl.invoke(NativeMethodAccessorImpl.java:77)
	at java.base/jdk.internal.reflect.DelegatingMethodAccessorImpl.invoke(DelegatingMethodAccessorImpl.java:43)
	at java.base/java.lang.reflect.Method.invoke(Method.java:568)
	at org.eclipse.lsp4j.jsonrpc.services.GenericEndpoint.lambda$recursiveFindRpcMethods$0(GenericEndpoint.java:65)
	at org.eclipse.lsp4j.jsonrpc.services.GenericEndpoint.notify(GenericEndpoint.java:160)
	at org.eclipse.lsp4j.jsonrpc.RemoteEndpoint.handleNotification(RemoteEndpoint.java:231)
	at org.eclipse.lsp4j.jsonrpc.RemoteEndpoint.consume(RemoteEndpoint.java:198)
	at org.eclipse.lsp4j.jsonrpc.json.StreamMessageProducer.handleMessage(StreamMessageProducer.java:185)
	at org.eclipse.lsp4j.jsonrpc.json.StreamMessageProducer.listen(StreamMessageProducer.java:97)
	at org.eclipse.lsp4j.jsonrpc.json.ConcurrentMessageProcessor.run(ConcurrentMessageProcessor.java:114)
	at java.base/java.util.concurrent.Executors$RunnableAdapter.call(Executors.java:539)
	at java.base/java.util.concurrent.FutureTask.run(FutureTask.java:264)
	at java.base/java.util.concurrent.ThreadPoolExecutor.runWorker(ThreadPoolExecutor.java:1136)
	at java.base/java.util.concurrent.ThreadPoolExecutor$Worker.run(ThreadPoolExecutor.java:635)
	at java.base/java.lang.Thread.run(Thread.java:833)

